[2025-10-11T23:35:08.583+0000] {processor.py:186} INFO - Started process (PID=50) to work on /opt/airflow/dags/fraud_detection_training_dag.py
[2025-10-11T23:35:08.586+0000] {processor.py:914} INFO - Processing file /opt/airflow/dags/fraud_detection_training_dag.py for tasks to queue
[2025-10-11T23:35:08.594+0000] {logging_mixin.py:190} INFO - [2025-10-11T23:35:08.593+0000] {dagbag.py:588} INFO - Filling up the DagBag from /opt/airflow/dags/fraud_detection_training_dag.py
[2025-10-11T23:35:08.612+0000] {processor.py:925} INFO - DAG(s) 'fraud_detection_training' retrieved from /opt/airflow/dags/fraud_detection_training_dag.py
[2025-10-11T23:35:08.693+0000] {logging_mixin.py:190} INFO - [2025-10-11T23:35:08.692+0000] {dag.py:3239} INFO - Sync 1 DAGs
[2025-10-11T23:35:08.733+0000] {logging_mixin.py:190} INFO - [2025-10-11T23:35:08.732+0000] {dag.py:4180} INFO - Setting next_dagrun for fraud_detection_training to 2025-10-10 03:00:00+00:00, run_after=2025-10-11 03:00:00+00:00
[2025-10-11T23:35:08.754+0000] {processor.py:208} INFO - Processing /opt/airflow/dags/fraud_detection_training_dag.py took 0.176 seconds
[2025-10-11T23:35:38.866+0000] {processor.py:186} INFO - Started process (PID=61) to work on /opt/airflow/dags/fraud_detection_training_dag.py
[2025-10-11T23:35:38.869+0000] {processor.py:914} INFO - Processing file /opt/airflow/dags/fraud_detection_training_dag.py for tasks to queue
[2025-10-11T23:35:38.883+0000] {logging_mixin.py:190} INFO - [2025-10-11T23:35:38.879+0000] {dagbag.py:588} INFO - Filling up the DagBag from /opt/airflow/dags/fraud_detection_training_dag.py
[2025-10-11T23:35:38.947+0000] {processor.py:925} INFO - DAG(s) 'fraud_detection_training' retrieved from /opt/airflow/dags/fraud_detection_training_dag.py
[2025-10-11T23:35:39.017+0000] {logging_mixin.py:190} INFO - [2025-10-11T23:35:39.017+0000] {dag.py:3239} INFO - Sync 1 DAGs
[2025-10-11T23:35:39.154+0000] {logging_mixin.py:190} INFO - [2025-10-11T23:35:39.152+0000] {dag.py:4180} INFO - Setting next_dagrun for fraud_detection_training to 2025-10-11 03:00:00+00:00, run_after=2025-10-12 03:00:00+00:00
[2025-10-11T23:35:39.234+0000] {processor.py:208} INFO - Processing /opt/airflow/dags/fraud_detection_training_dag.py took 0.378 seconds
[2025-10-11T23:36:09.364+0000] {processor.py:186} INFO - Started process (PID=74) to work on /opt/airflow/dags/fraud_detection_training_dag.py
[2025-10-11T23:36:09.364+0000] {processor.py:914} INFO - Processing file /opt/airflow/dags/fraud_detection_training_dag.py for tasks to queue
[2025-10-11T23:36:09.367+0000] {logging_mixin.py:190} INFO - [2025-10-11T23:36:09.366+0000] {dagbag.py:588} INFO - Filling up the DagBag from /opt/airflow/dags/fraud_detection_training_dag.py
[2025-10-11T23:36:09.383+0000] {processor.py:925} INFO - DAG(s) 'fraud_detection_training' retrieved from /opt/airflow/dags/fraud_detection_training_dag.py
[2025-10-11T23:36:09.418+0000] {logging_mixin.py:190} INFO - [2025-10-11T23:36:09.418+0000] {dag.py:3239} INFO - Sync 1 DAGs
[2025-10-11T23:36:09.438+0000] {logging_mixin.py:190} INFO - [2025-10-11T23:36:09.438+0000] {dag.py:4180} INFO - Setting next_dagrun for fraud_detection_training to 2025-10-11 03:00:00+00:00, run_after=2025-10-12 03:00:00+00:00
[2025-10-11T23:36:09.450+0000] {processor.py:208} INFO - Processing /opt/airflow/dags/fraud_detection_training_dag.py took 0.092 seconds
[2025-10-11T23:36:39.484+0000] {processor.py:186} INFO - Started process (PID=81) to work on /opt/airflow/dags/fraud_detection_training_dag.py
[2025-10-11T23:36:39.484+0000] {processor.py:914} INFO - Processing file /opt/airflow/dags/fraud_detection_training_dag.py for tasks to queue
[2025-10-11T23:36:39.487+0000] {logging_mixin.py:190} INFO - [2025-10-11T23:36:39.486+0000] {dagbag.py:588} INFO - Filling up the DagBag from /opt/airflow/dags/fraud_detection_training_dag.py
[2025-10-11T23:36:39.503+0000] {processor.py:925} INFO - DAG(s) 'fraud_detection_training' retrieved from /opt/airflow/dags/fraud_detection_training_dag.py
[2025-10-11T23:36:39.523+0000] {logging_mixin.py:190} INFO - [2025-10-11T23:36:39.523+0000] {dag.py:3239} INFO - Sync 1 DAGs
[2025-10-11T23:36:39.550+0000] {logging_mixin.py:190} INFO - [2025-10-11T23:36:39.549+0000] {dag.py:4180} INFO - Setting next_dagrun for fraud_detection_training to 2025-10-11 03:00:00+00:00, run_after=2025-10-12 03:00:00+00:00
[2025-10-11T23:36:39.560+0000] {processor.py:208} INFO - Processing /opt/airflow/dags/fraud_detection_training_dag.py took 0.080 seconds
[2025-10-11T23:37:09.741+0000] {processor.py:186} INFO - Started process (PID=88) to work on /opt/airflow/dags/fraud_detection_training_dag.py
[2025-10-11T23:37:09.742+0000] {processor.py:914} INFO - Processing file /opt/airflow/dags/fraud_detection_training_dag.py for tasks to queue
[2025-10-11T23:37:09.746+0000] {logging_mixin.py:190} INFO - [2025-10-11T23:37:09.745+0000] {dagbag.py:588} INFO - Filling up the DagBag from /opt/airflow/dags/fraud_detection_training_dag.py
[2025-10-11T23:37:09.772+0000] {processor.py:925} INFO - DAG(s) 'fraud_detection_training' retrieved from /opt/airflow/dags/fraud_detection_training_dag.py
[2025-10-11T23:37:09.803+0000] {logging_mixin.py:190} INFO - [2025-10-11T23:37:09.803+0000] {dag.py:3239} INFO - Sync 1 DAGs
[2025-10-11T23:37:09.837+0000] {logging_mixin.py:190} INFO - [2025-10-11T23:37:09.837+0000] {dag.py:4180} INFO - Setting next_dagrun for fraud_detection_training to 2025-10-11 03:00:00+00:00, run_after=2025-10-12 03:00:00+00:00
[2025-10-11T23:37:09.857+0000] {processor.py:208} INFO - Processing /opt/airflow/dags/fraud_detection_training_dag.py took 0.121 seconds
[2025-10-11T23:37:40.018+0000] {processor.py:186} INFO - Started process (PID=95) to work on /opt/airflow/dags/fraud_detection_training_dag.py
[2025-10-11T23:37:40.019+0000] {processor.py:914} INFO - Processing file /opt/airflow/dags/fraud_detection_training_dag.py for tasks to queue
[2025-10-11T23:37:40.022+0000] {logging_mixin.py:190} INFO - [2025-10-11T23:37:40.022+0000] {dagbag.py:588} INFO - Filling up the DagBag from /opt/airflow/dags/fraud_detection_training_dag.py
[2025-10-11T23:37:40.037+0000] {processor.py:925} INFO - DAG(s) 'fraud_detection_training' retrieved from /opt/airflow/dags/fraud_detection_training_dag.py
[2025-10-11T23:37:40.075+0000] {logging_mixin.py:190} INFO - [2025-10-11T23:37:40.075+0000] {dag.py:3239} INFO - Sync 1 DAGs
[2025-10-11T23:37:40.091+0000] {logging_mixin.py:190} INFO - [2025-10-11T23:37:40.090+0000] {dag.py:4180} INFO - Setting next_dagrun for fraud_detection_training to 2025-10-11 03:00:00+00:00, run_after=2025-10-12 03:00:00+00:00
[2025-10-11T23:37:40.104+0000] {processor.py:208} INFO - Processing /opt/airflow/dags/fraud_detection_training_dag.py took 0.093 seconds
[2025-10-11T23:38:10.140+0000] {processor.py:186} INFO - Started process (PID=102) to work on /opt/airflow/dags/fraud_detection_training_dag.py
[2025-10-11T23:38:10.141+0000] {processor.py:914} INFO - Processing file /opt/airflow/dags/fraud_detection_training_dag.py for tasks to queue
[2025-10-11T23:38:10.143+0000] {logging_mixin.py:190} INFO - [2025-10-11T23:38:10.143+0000] {dagbag.py:588} INFO - Filling up the DagBag from /opt/airflow/dags/fraud_detection_training_dag.py
[2025-10-11T23:38:10.165+0000] {processor.py:925} INFO - DAG(s) 'fraud_detection_training' retrieved from /opt/airflow/dags/fraud_detection_training_dag.py
[2025-10-11T23:38:10.195+0000] {logging_mixin.py:190} INFO - [2025-10-11T23:38:10.195+0000] {dag.py:3239} INFO - Sync 1 DAGs
[2025-10-11T23:38:10.209+0000] {logging_mixin.py:190} INFO - [2025-10-11T23:38:10.209+0000] {dag.py:4180} INFO - Setting next_dagrun for fraud_detection_training to 2025-10-11 03:00:00+00:00, run_after=2025-10-12 03:00:00+00:00
[2025-10-11T23:38:10.226+0000] {processor.py:208} INFO - Processing /opt/airflow/dags/fraud_detection_training_dag.py took 0.091 seconds
[2025-10-11T23:38:40.322+0000] {processor.py:186} INFO - Started process (PID=109) to work on /opt/airflow/dags/fraud_detection_training_dag.py
[2025-10-11T23:38:40.323+0000] {processor.py:914} INFO - Processing file /opt/airflow/dags/fraud_detection_training_dag.py for tasks to queue
[2025-10-11T23:38:40.327+0000] {logging_mixin.py:190} INFO - [2025-10-11T23:38:40.326+0000] {dagbag.py:588} INFO - Filling up the DagBag from /opt/airflow/dags/fraud_detection_training_dag.py
[2025-10-11T23:38:40.347+0000] {processor.py:925} INFO - DAG(s) 'fraud_detection_training' retrieved from /opt/airflow/dags/fraud_detection_training_dag.py
[2025-10-11T23:38:40.378+0000] {logging_mixin.py:190} INFO - [2025-10-11T23:38:40.378+0000] {dag.py:3239} INFO - Sync 1 DAGs
[2025-10-11T23:38:40.427+0000] {logging_mixin.py:190} INFO - [2025-10-11T23:38:40.427+0000] {dag.py:4180} INFO - Setting next_dagrun for fraud_detection_training to 2025-10-11 03:00:00+00:00, run_after=2025-10-12 03:00:00+00:00
[2025-10-11T23:38:40.451+0000] {processor.py:208} INFO - Processing /opt/airflow/dags/fraud_detection_training_dag.py took 0.143 seconds
[2025-10-11T23:39:10.532+0000] {processor.py:186} INFO - Started process (PID=116) to work on /opt/airflow/dags/fraud_detection_training_dag.py
[2025-10-11T23:39:10.533+0000] {processor.py:914} INFO - Processing file /opt/airflow/dags/fraud_detection_training_dag.py for tasks to queue
[2025-10-11T23:39:10.536+0000] {logging_mixin.py:190} INFO - [2025-10-11T23:39:10.535+0000] {dagbag.py:588} INFO - Filling up the DagBag from /opt/airflow/dags/fraud_detection_training_dag.py
[2025-10-11T23:39:10.551+0000] {processor.py:925} INFO - DAG(s) 'fraud_detection_training' retrieved from /opt/airflow/dags/fraud_detection_training_dag.py
[2025-10-11T23:39:10.572+0000] {logging_mixin.py:190} INFO - [2025-10-11T23:39:10.572+0000] {dag.py:3239} INFO - Sync 1 DAGs
[2025-10-11T23:39:10.586+0000] {logging_mixin.py:190} INFO - [2025-10-11T23:39:10.586+0000] {dag.py:4180} INFO - Setting next_dagrun for fraud_detection_training to 2025-10-11 03:00:00+00:00, run_after=2025-10-12 03:00:00+00:00
[2025-10-11T23:39:10.597+0000] {processor.py:208} INFO - Processing /opt/airflow/dags/fraud_detection_training_dag.py took 0.069 seconds
[2025-10-11T23:39:40.674+0000] {processor.py:186} INFO - Started process (PID=123) to work on /opt/airflow/dags/fraud_detection_training_dag.py
[2025-10-11T23:39:40.675+0000] {processor.py:914} INFO - Processing file /opt/airflow/dags/fraud_detection_training_dag.py for tasks to queue
[2025-10-11T23:39:40.678+0000] {logging_mixin.py:190} INFO - [2025-10-11T23:39:40.678+0000] {dagbag.py:588} INFO - Filling up the DagBag from /opt/airflow/dags/fraud_detection_training_dag.py
[2025-10-11T23:39:40.690+0000] {processor.py:925} INFO - DAG(s) 'fraud_detection_training' retrieved from /opt/airflow/dags/fraud_detection_training_dag.py
[2025-10-11T23:39:40.707+0000] {logging_mixin.py:190} INFO - [2025-10-11T23:39:40.707+0000] {dag.py:3239} INFO - Sync 1 DAGs
[2025-10-11T23:39:40.723+0000] {logging_mixin.py:190} INFO - [2025-10-11T23:39:40.722+0000] {dag.py:4180} INFO - Setting next_dagrun for fraud_detection_training to 2025-10-11 03:00:00+00:00, run_after=2025-10-12 03:00:00+00:00
[2025-10-11T23:39:40.732+0000] {processor.py:208} INFO - Processing /opt/airflow/dags/fraud_detection_training_dag.py took 0.063 seconds
[2025-10-11T23:40:10.818+0000] {processor.py:186} INFO - Started process (PID=130) to work on /opt/airflow/dags/fraud_detection_training_dag.py
[2025-10-11T23:40:10.819+0000] {processor.py:914} INFO - Processing file /opt/airflow/dags/fraud_detection_training_dag.py for tasks to queue
[2025-10-11T23:40:10.822+0000] {logging_mixin.py:190} INFO - [2025-10-11T23:40:10.821+0000] {dagbag.py:588} INFO - Filling up the DagBag from /opt/airflow/dags/fraud_detection_training_dag.py
[2025-10-11T23:40:10.836+0000] {processor.py:925} INFO - DAG(s) 'fraud_detection_training' retrieved from /opt/airflow/dags/fraud_detection_training_dag.py
[2025-10-11T23:40:10.859+0000] {logging_mixin.py:190} INFO - [2025-10-11T23:40:10.859+0000] {dag.py:3239} INFO - Sync 1 DAGs
[2025-10-11T23:40:10.874+0000] {logging_mixin.py:190} INFO - [2025-10-11T23:40:10.874+0000] {dag.py:4180} INFO - Setting next_dagrun for fraud_detection_training to 2025-10-11 03:00:00+00:00, run_after=2025-10-12 03:00:00+00:00
[2025-10-11T23:40:10.885+0000] {processor.py:208} INFO - Processing /opt/airflow/dags/fraud_detection_training_dag.py took 0.071 seconds
[2025-10-11T23:40:40.952+0000] {processor.py:186} INFO - Started process (PID=137) to work on /opt/airflow/dags/fraud_detection_training_dag.py
[2025-10-11T23:40:40.953+0000] {processor.py:914} INFO - Processing file /opt/airflow/dags/fraud_detection_training_dag.py for tasks to queue
[2025-10-11T23:40:40.956+0000] {logging_mixin.py:190} INFO - [2025-10-11T23:40:40.955+0000] {dagbag.py:588} INFO - Filling up the DagBag from /opt/airflow/dags/fraud_detection_training_dag.py
[2025-10-11T23:40:40.966+0000] {processor.py:925} INFO - DAG(s) 'fraud_detection_training' retrieved from /opt/airflow/dags/fraud_detection_training_dag.py
[2025-10-11T23:40:40.988+0000] {logging_mixin.py:190} INFO - [2025-10-11T23:40:40.988+0000] {dag.py:3239} INFO - Sync 1 DAGs
[2025-10-11T23:40:41.004+0000] {logging_mixin.py:190} INFO - [2025-10-11T23:40:41.004+0000] {dag.py:4180} INFO - Setting next_dagrun for fraud_detection_training to 2025-10-11 03:00:00+00:00, run_after=2025-10-12 03:00:00+00:00
[2025-10-11T23:40:41.018+0000] {processor.py:208} INFO - Processing /opt/airflow/dags/fraud_detection_training_dag.py took 0.070 seconds
[2025-10-11T23:41:11.122+0000] {processor.py:186} INFO - Started process (PID=144) to work on /opt/airflow/dags/fraud_detection_training_dag.py
[2025-10-11T23:41:11.123+0000] {processor.py:914} INFO - Processing file /opt/airflow/dags/fraud_detection_training_dag.py for tasks to queue
[2025-10-11T23:41:11.125+0000] {logging_mixin.py:190} INFO - [2025-10-11T23:41:11.125+0000] {dagbag.py:588} INFO - Filling up the DagBag from /opt/airflow/dags/fraud_detection_training_dag.py
[2025-10-11T23:41:11.136+0000] {processor.py:925} INFO - DAG(s) 'fraud_detection_training' retrieved from /opt/airflow/dags/fraud_detection_training_dag.py
[2025-10-11T23:41:11.153+0000] {logging_mixin.py:190} INFO - [2025-10-11T23:41:11.153+0000] {dag.py:3239} INFO - Sync 1 DAGs
[2025-10-11T23:41:11.166+0000] {logging_mixin.py:190} INFO - [2025-10-11T23:41:11.166+0000] {dag.py:4180} INFO - Setting next_dagrun for fraud_detection_training to 2025-10-11 03:00:00+00:00, run_after=2025-10-12 03:00:00+00:00
[2025-10-11T23:41:11.182+0000] {processor.py:208} INFO - Processing /opt/airflow/dags/fraud_detection_training_dag.py took 0.063 seconds
[2025-10-11T23:41:41.303+0000] {processor.py:186} INFO - Started process (PID=150) to work on /opt/airflow/dags/fraud_detection_training_dag.py
[2025-10-11T23:41:41.304+0000] {processor.py:914} INFO - Processing file /opt/airflow/dags/fraud_detection_training_dag.py for tasks to queue
[2025-10-11T23:41:41.306+0000] {logging_mixin.py:190} INFO - [2025-10-11T23:41:41.306+0000] {dagbag.py:588} INFO - Filling up the DagBag from /opt/airflow/dags/fraud_detection_training_dag.py
[2025-10-11T23:41:41.321+0000] {processor.py:925} INFO - DAG(s) 'fraud_detection_training' retrieved from /opt/airflow/dags/fraud_detection_training_dag.py
[2025-10-11T23:41:41.344+0000] {logging_mixin.py:190} INFO - [2025-10-11T23:41:41.344+0000] {dag.py:3239} INFO - Sync 1 DAGs
[2025-10-11T23:41:41.363+0000] {logging_mixin.py:190} INFO - [2025-10-11T23:41:41.363+0000] {dag.py:4180} INFO - Setting next_dagrun for fraud_detection_training to 2025-10-11 03:00:00+00:00, run_after=2025-10-12 03:00:00+00:00
[2025-10-11T23:41:41.375+0000] {processor.py:208} INFO - Processing /opt/airflow/dags/fraud_detection_training_dag.py took 0.076 seconds
[2025-10-11T23:42:11.452+0000] {processor.py:186} INFO - Started process (PID=157) to work on /opt/airflow/dags/fraud_detection_training_dag.py
[2025-10-11T23:42:11.453+0000] {processor.py:914} INFO - Processing file /opt/airflow/dags/fraud_detection_training_dag.py for tasks to queue
[2025-10-11T23:42:11.455+0000] {logging_mixin.py:190} INFO - [2025-10-11T23:42:11.455+0000] {dagbag.py:588} INFO - Filling up the DagBag from /opt/airflow/dags/fraud_detection_training_dag.py
[2025-10-11T23:42:11.470+0000] {processor.py:925} INFO - DAG(s) 'fraud_detection_training' retrieved from /opt/airflow/dags/fraud_detection_training_dag.py
[2025-10-11T23:42:11.488+0000] {logging_mixin.py:190} INFO - [2025-10-11T23:42:11.488+0000] {dag.py:3239} INFO - Sync 1 DAGs
[2025-10-11T23:42:11.500+0000] {logging_mixin.py:190} INFO - [2025-10-11T23:42:11.500+0000] {dag.py:4180} INFO - Setting next_dagrun for fraud_detection_training to 2025-10-11 03:00:00+00:00, run_after=2025-10-12 03:00:00+00:00
[2025-10-11T23:42:11.514+0000] {processor.py:208} INFO - Processing /opt/airflow/dags/fraud_detection_training_dag.py took 0.065 seconds
[2025-10-11T23:42:41.583+0000] {processor.py:186} INFO - Started process (PID=164) to work on /opt/airflow/dags/fraud_detection_training_dag.py
[2025-10-11T23:42:41.583+0000] {processor.py:914} INFO - Processing file /opt/airflow/dags/fraud_detection_training_dag.py for tasks to queue
[2025-10-11T23:42:41.586+0000] {logging_mixin.py:190} INFO - [2025-10-11T23:42:41.586+0000] {dagbag.py:588} INFO - Filling up the DagBag from /opt/airflow/dags/fraud_detection_training_dag.py
[2025-10-11T23:42:41.597+0000] {processor.py:925} INFO - DAG(s) 'fraud_detection_training' retrieved from /opt/airflow/dags/fraud_detection_training_dag.py
[2025-10-11T23:42:41.614+0000] {logging_mixin.py:190} INFO - [2025-10-11T23:42:41.614+0000] {dag.py:3239} INFO - Sync 1 DAGs
[2025-10-11T23:42:41.629+0000] {logging_mixin.py:190} INFO - [2025-10-11T23:42:41.629+0000] {dag.py:4180} INFO - Setting next_dagrun for fraud_detection_training to 2025-10-11 03:00:00+00:00, run_after=2025-10-12 03:00:00+00:00
[2025-10-11T23:42:41.642+0000] {processor.py:208} INFO - Processing /opt/airflow/dags/fraud_detection_training_dag.py took 0.064 seconds
[2025-10-11T23:43:11.719+0000] {processor.py:186} INFO - Started process (PID=171) to work on /opt/airflow/dags/fraud_detection_training_dag.py
[2025-10-11T23:43:11.720+0000] {processor.py:914} INFO - Processing file /opt/airflow/dags/fraud_detection_training_dag.py for tasks to queue
[2025-10-11T23:43:11.722+0000] {logging_mixin.py:190} INFO - [2025-10-11T23:43:11.722+0000] {dagbag.py:588} INFO - Filling up the DagBag from /opt/airflow/dags/fraud_detection_training_dag.py
[2025-10-11T23:43:11.730+0000] {processor.py:925} INFO - DAG(s) 'fraud_detection_training' retrieved from /opt/airflow/dags/fraud_detection_training_dag.py
[2025-10-11T23:43:11.742+0000] {logging_mixin.py:190} INFO - [2025-10-11T23:43:11.742+0000] {dag.py:3239} INFO - Sync 1 DAGs
[2025-10-11T23:43:11.755+0000] {logging_mixin.py:190} INFO - [2025-10-11T23:43:11.755+0000] {dag.py:4180} INFO - Setting next_dagrun for fraud_detection_training to 2025-10-11 03:00:00+00:00, run_after=2025-10-12 03:00:00+00:00
[2025-10-11T23:43:11.770+0000] {processor.py:208} INFO - Processing /opt/airflow/dags/fraud_detection_training_dag.py took 0.053 seconds
[2025-10-11T23:43:41.843+0000] {processor.py:186} INFO - Started process (PID=178) to work on /opt/airflow/dags/fraud_detection_training_dag.py
[2025-10-11T23:43:41.844+0000] {processor.py:914} INFO - Processing file /opt/airflow/dags/fraud_detection_training_dag.py for tasks to queue
[2025-10-11T23:43:41.847+0000] {logging_mixin.py:190} INFO - [2025-10-11T23:43:41.847+0000] {dagbag.py:588} INFO - Filling up the DagBag from /opt/airflow/dags/fraud_detection_training_dag.py
[2025-10-11T23:43:41.858+0000] {processor.py:925} INFO - DAG(s) 'fraud_detection_training' retrieved from /opt/airflow/dags/fraud_detection_training_dag.py
[2025-10-11T23:43:41.879+0000] {logging_mixin.py:190} INFO - [2025-10-11T23:43:41.879+0000] {dag.py:3239} INFO - Sync 1 DAGs
[2025-10-11T23:43:41.893+0000] {logging_mixin.py:190} INFO - [2025-10-11T23:43:41.893+0000] {dag.py:4180} INFO - Setting next_dagrun for fraud_detection_training to 2025-10-11 03:00:00+00:00, run_after=2025-10-12 03:00:00+00:00
[2025-10-11T23:43:41.905+0000] {processor.py:208} INFO - Processing /opt/airflow/dags/fraud_detection_training_dag.py took 0.066 seconds
[2025-10-11T23:44:11.991+0000] {processor.py:186} INFO - Started process (PID=185) to work on /opt/airflow/dags/fraud_detection_training_dag.py
[2025-10-11T23:44:11.992+0000] {processor.py:914} INFO - Processing file /opt/airflow/dags/fraud_detection_training_dag.py for tasks to queue
[2025-10-11T23:44:11.998+0000] {logging_mixin.py:190} INFO - [2025-10-11T23:44:11.997+0000] {dagbag.py:588} INFO - Filling up the DagBag from /opt/airflow/dags/fraud_detection_training_dag.py
[2025-10-11T23:44:12.017+0000] {processor.py:925} INFO - DAG(s) 'fraud_detection_training' retrieved from /opt/airflow/dags/fraud_detection_training_dag.py
[2025-10-11T23:44:12.050+0000] {logging_mixin.py:190} INFO - [2025-10-11T23:44:12.050+0000] {dag.py:3239} INFO - Sync 1 DAGs
[2025-10-11T23:44:12.068+0000] {logging_mixin.py:190} INFO - [2025-10-11T23:44:12.068+0000] {dag.py:4180} INFO - Setting next_dagrun for fraud_detection_training to 2025-10-11 03:00:00+00:00, run_after=2025-10-12 03:00:00+00:00
[2025-10-11T23:44:12.081+0000] {processor.py:208} INFO - Processing /opt/airflow/dags/fraud_detection_training_dag.py took 0.096 seconds
[2025-10-11T23:44:42.137+0000] {processor.py:186} INFO - Started process (PID=192) to work on /opt/airflow/dags/fraud_detection_training_dag.py
[2025-10-11T23:44:42.138+0000] {processor.py:914} INFO - Processing file /opt/airflow/dags/fraud_detection_training_dag.py for tasks to queue
[2025-10-11T23:44:42.142+0000] {logging_mixin.py:190} INFO - [2025-10-11T23:44:42.141+0000] {dagbag.py:588} INFO - Filling up the DagBag from /opt/airflow/dags/fraud_detection_training_dag.py
[2025-10-11T23:44:42.156+0000] {processor.py:925} INFO - DAG(s) 'fraud_detection_training' retrieved from /opt/airflow/dags/fraud_detection_training_dag.py
[2025-10-11T23:44:42.183+0000] {logging_mixin.py:190} INFO - [2025-10-11T23:44:42.183+0000] {dag.py:3239} INFO - Sync 1 DAGs
[2025-10-11T23:44:42.199+0000] {logging_mixin.py:190} INFO - [2025-10-11T23:44:42.199+0000] {dag.py:4180} INFO - Setting next_dagrun for fraud_detection_training to 2025-10-11 03:00:00+00:00, run_after=2025-10-12 03:00:00+00:00
[2025-10-11T23:44:42.208+0000] {processor.py:208} INFO - Processing /opt/airflow/dags/fraud_detection_training_dag.py took 0.085 seconds
[2025-10-11T23:45:12.420+0000] {processor.py:186} INFO - Started process (PID=199) to work on /opt/airflow/dags/fraud_detection_training_dag.py
[2025-10-11T23:45:12.422+0000] {processor.py:914} INFO - Processing file /opt/airflow/dags/fraud_detection_training_dag.py for tasks to queue
[2025-10-11T23:45:12.424+0000] {logging_mixin.py:190} INFO - [2025-10-11T23:45:12.424+0000] {dagbag.py:588} INFO - Filling up the DagBag from /opt/airflow/dags/fraud_detection_training_dag.py
[2025-10-11T23:45:12.435+0000] {processor.py:925} INFO - DAG(s) 'fraud_detection_training' retrieved from /opt/airflow/dags/fraud_detection_training_dag.py
[2025-10-11T23:45:12.453+0000] {logging_mixin.py:190} INFO - [2025-10-11T23:45:12.453+0000] {dag.py:3239} INFO - Sync 1 DAGs
[2025-10-11T23:45:12.466+0000] {logging_mixin.py:190} INFO - [2025-10-11T23:45:12.466+0000] {dag.py:4180} INFO - Setting next_dagrun for fraud_detection_training to 2025-10-11 03:00:00+00:00, run_after=2025-10-12 03:00:00+00:00
[2025-10-11T23:45:12.475+0000] {processor.py:208} INFO - Processing /opt/airflow/dags/fraud_detection_training_dag.py took 0.059 seconds
[2025-10-11T23:45:42.685+0000] {processor.py:186} INFO - Started process (PID=206) to work on /opt/airflow/dags/fraud_detection_training_dag.py
[2025-10-11T23:45:42.687+0000] {processor.py:914} INFO - Processing file /opt/airflow/dags/fraud_detection_training_dag.py for tasks to queue
[2025-10-11T23:45:42.703+0000] {logging_mixin.py:190} INFO - [2025-10-11T23:45:42.702+0000] {dagbag.py:588} INFO - Filling up the DagBag from /opt/airflow/dags/fraud_detection_training_dag.py
[2025-10-11T23:45:42.727+0000] {processor.py:925} INFO - DAG(s) 'fraud_detection_training' retrieved from /opt/airflow/dags/fraud_detection_training_dag.py
[2025-10-11T23:45:42.749+0000] {logging_mixin.py:190} INFO - [2025-10-11T23:45:42.749+0000] {dag.py:3239} INFO - Sync 1 DAGs
[2025-10-11T23:45:42.765+0000] {logging_mixin.py:190} INFO - [2025-10-11T23:45:42.765+0000] {dag.py:4180} INFO - Setting next_dagrun for fraud_detection_training to 2025-10-11 03:00:00+00:00, run_after=2025-10-12 03:00:00+00:00
[2025-10-11T23:45:42.774+0000] {processor.py:208} INFO - Processing /opt/airflow/dags/fraud_detection_training_dag.py took 0.109 seconds
[2025-10-11T23:46:12.988+0000] {processor.py:186} INFO - Started process (PID=213) to work on /opt/airflow/dags/fraud_detection_training_dag.py
[2025-10-11T23:46:12.989+0000] {processor.py:914} INFO - Processing file /opt/airflow/dags/fraud_detection_training_dag.py for tasks to queue
[2025-10-11T23:46:12.992+0000] {logging_mixin.py:190} INFO - [2025-10-11T23:46:12.992+0000] {dagbag.py:588} INFO - Filling up the DagBag from /opt/airflow/dags/fraud_detection_training_dag.py
[2025-10-11T23:46:13.004+0000] {processor.py:925} INFO - DAG(s) 'fraud_detection_training' retrieved from /opt/airflow/dags/fraud_detection_training_dag.py
[2025-10-11T23:46:13.019+0000] {logging_mixin.py:190} INFO - [2025-10-11T23:46:13.019+0000] {dag.py:3239} INFO - Sync 1 DAGs
[2025-10-11T23:46:13.031+0000] {logging_mixin.py:190} INFO - [2025-10-11T23:46:13.031+0000] {dag.py:4180} INFO - Setting next_dagrun for fraud_detection_training to 2025-10-11 03:00:00+00:00, run_after=2025-10-12 03:00:00+00:00
[2025-10-11T23:46:13.038+0000] {processor.py:208} INFO - Processing /opt/airflow/dags/fraud_detection_training_dag.py took 0.056 seconds
[2025-10-11T23:46:43.356+0000] {processor.py:186} INFO - Started process (PID=220) to work on /opt/airflow/dags/fraud_detection_training_dag.py
[2025-10-11T23:46:43.357+0000] {processor.py:914} INFO - Processing file /opt/airflow/dags/fraud_detection_training_dag.py for tasks to queue
[2025-10-11T23:46:43.369+0000] {logging_mixin.py:190} INFO - [2025-10-11T23:46:43.368+0000] {dagbag.py:588} INFO - Filling up the DagBag from /opt/airflow/dags/fraud_detection_training_dag.py
[2025-10-11T23:46:43.388+0000] {processor.py:925} INFO - DAG(s) 'fraud_detection_training' retrieved from /opt/airflow/dags/fraud_detection_training_dag.py
[2025-10-11T23:46:43.422+0000] {logging_mixin.py:190} INFO - [2025-10-11T23:46:43.422+0000] {dag.py:3239} INFO - Sync 1 DAGs
[2025-10-11T23:46:43.441+0000] {logging_mixin.py:190} INFO - [2025-10-11T23:46:43.441+0000] {dag.py:4180} INFO - Setting next_dagrun for fraud_detection_training to 2025-10-11 03:00:00+00:00, run_after=2025-10-12 03:00:00+00:00
[2025-10-11T23:46:43.451+0000] {processor.py:208} INFO - Processing /opt/airflow/dags/fraud_detection_training_dag.py took 0.108 seconds
[2025-10-11T23:47:13.721+0000] {processor.py:186} INFO - Started process (PID=227) to work on /opt/airflow/dags/fraud_detection_training_dag.py
[2025-10-11T23:47:13.722+0000] {processor.py:914} INFO - Processing file /opt/airflow/dags/fraud_detection_training_dag.py for tasks to queue
[2025-10-11T23:47:13.726+0000] {logging_mixin.py:190} INFO - [2025-10-11T23:47:13.726+0000] {dagbag.py:588} INFO - Filling up the DagBag from /opt/airflow/dags/fraud_detection_training_dag.py
[2025-10-11T23:47:13.742+0000] {processor.py:925} INFO - DAG(s) 'fraud_detection_training' retrieved from /opt/airflow/dags/fraud_detection_training_dag.py
[2025-10-11T23:47:13.764+0000] {logging_mixin.py:190} INFO - [2025-10-11T23:47:13.763+0000] {dag.py:3239} INFO - Sync 1 DAGs
[2025-10-11T23:47:13.780+0000] {logging_mixin.py:190} INFO - [2025-10-11T23:47:13.780+0000] {dag.py:4180} INFO - Setting next_dagrun for fraud_detection_training to 2025-10-11 03:00:00+00:00, run_after=2025-10-12 03:00:00+00:00
[2025-10-11T23:47:13.789+0000] {processor.py:208} INFO - Processing /opt/airflow/dags/fraud_detection_training_dag.py took 0.077 seconds
[2025-10-11T23:47:43.983+0000] {processor.py:186} INFO - Started process (PID=234) to work on /opt/airflow/dags/fraud_detection_training_dag.py
[2025-10-11T23:47:43.984+0000] {processor.py:914} INFO - Processing file /opt/airflow/dags/fraud_detection_training_dag.py for tasks to queue
[2025-10-11T23:47:43.986+0000] {logging_mixin.py:190} INFO - [2025-10-11T23:47:43.986+0000] {dagbag.py:588} INFO - Filling up the DagBag from /opt/airflow/dags/fraud_detection_training_dag.py
[2025-10-11T23:47:44.005+0000] {processor.py:925} INFO - DAG(s) 'fraud_detection_training' retrieved from /opt/airflow/dags/fraud_detection_training_dag.py
[2025-10-11T23:47:44.027+0000] {logging_mixin.py:190} INFO - [2025-10-11T23:47:44.027+0000] {dag.py:3239} INFO - Sync 1 DAGs
[2025-10-11T23:47:44.041+0000] {logging_mixin.py:190} INFO - [2025-10-11T23:47:44.041+0000] {dag.py:4180} INFO - Setting next_dagrun for fraud_detection_training to 2025-10-11 03:00:00+00:00, run_after=2025-10-12 03:00:00+00:00
[2025-10-11T23:47:44.048+0000] {processor.py:208} INFO - Processing /opt/airflow/dags/fraud_detection_training_dag.py took 0.071 seconds
[2025-10-11T23:48:14.300+0000] {processor.py:186} INFO - Started process (PID=241) to work on /opt/airflow/dags/fraud_detection_training_dag.py
[2025-10-11T23:48:14.301+0000] {processor.py:914} INFO - Processing file /opt/airflow/dags/fraud_detection_training_dag.py for tasks to queue
[2025-10-11T23:48:14.304+0000] {logging_mixin.py:190} INFO - [2025-10-11T23:48:14.304+0000] {dagbag.py:588} INFO - Filling up the DagBag from /opt/airflow/dags/fraud_detection_training_dag.py
[2025-10-11T23:48:14.319+0000] {processor.py:925} INFO - DAG(s) 'fraud_detection_training' retrieved from /opt/airflow/dags/fraud_detection_training_dag.py
[2025-10-11T23:48:14.337+0000] {logging_mixin.py:190} INFO - [2025-10-11T23:48:14.337+0000] {dag.py:3239} INFO - Sync 1 DAGs
[2025-10-11T23:48:14.349+0000] {logging_mixin.py:190} INFO - [2025-10-11T23:48:14.349+0000] {dag.py:4180} INFO - Setting next_dagrun for fraud_detection_training to 2025-10-11 03:00:00+00:00, run_after=2025-10-12 03:00:00+00:00
[2025-10-11T23:48:14.358+0000] {processor.py:208} INFO - Processing /opt/airflow/dags/fraud_detection_training_dag.py took 0.065 seconds
[2025-10-11T23:48:44.608+0000] {processor.py:186} INFO - Started process (PID=248) to work on /opt/airflow/dags/fraud_detection_training_dag.py
[2025-10-11T23:48:44.608+0000] {processor.py:914} INFO - Processing file /opt/airflow/dags/fraud_detection_training_dag.py for tasks to queue
[2025-10-11T23:48:44.611+0000] {logging_mixin.py:190} INFO - [2025-10-11T23:48:44.611+0000] {dagbag.py:588} INFO - Filling up the DagBag from /opt/airflow/dags/fraud_detection_training_dag.py
[2025-10-11T23:48:44.626+0000] {processor.py:925} INFO - DAG(s) 'fraud_detection_training' retrieved from /opt/airflow/dags/fraud_detection_training_dag.py
[2025-10-11T23:48:44.645+0000] {logging_mixin.py:190} INFO - [2025-10-11T23:48:44.644+0000] {dag.py:3239} INFO - Sync 1 DAGs
[2025-10-11T23:48:44.658+0000] {logging_mixin.py:190} INFO - [2025-10-11T23:48:44.658+0000] {dag.py:4180} INFO - Setting next_dagrun for fraud_detection_training to 2025-10-11 03:00:00+00:00, run_after=2025-10-12 03:00:00+00:00
[2025-10-11T23:48:44.666+0000] {processor.py:208} INFO - Processing /opt/airflow/dags/fraud_detection_training_dag.py took 0.064 seconds
[2025-10-11T23:49:14.935+0000] {processor.py:186} INFO - Started process (PID=255) to work on /opt/airflow/dags/fraud_detection_training_dag.py
[2025-10-11T23:49:14.936+0000] {processor.py:914} INFO - Processing file /opt/airflow/dags/fraud_detection_training_dag.py for tasks to queue
[2025-10-11T23:49:14.940+0000] {logging_mixin.py:190} INFO - [2025-10-11T23:49:14.940+0000] {dagbag.py:588} INFO - Filling up the DagBag from /opt/airflow/dags/fraud_detection_training_dag.py
[2025-10-11T23:49:14.954+0000] {processor.py:925} INFO - DAG(s) 'fraud_detection_training' retrieved from /opt/airflow/dags/fraud_detection_training_dag.py
[2025-10-11T23:49:14.978+0000] {logging_mixin.py:190} INFO - [2025-10-11T23:49:14.978+0000] {dag.py:3239} INFO - Sync 1 DAGs
[2025-10-11T23:49:14.994+0000] {logging_mixin.py:190} INFO - [2025-10-11T23:49:14.994+0000] {dag.py:4180} INFO - Setting next_dagrun for fraud_detection_training to 2025-10-11 03:00:00+00:00, run_after=2025-10-12 03:00:00+00:00
[2025-10-11T23:49:15.003+0000] {processor.py:208} INFO - Processing /opt/airflow/dags/fraud_detection_training_dag.py took 0.077 seconds
[2025-10-11T23:49:45.253+0000] {processor.py:186} INFO - Started process (PID=262) to work on /opt/airflow/dags/fraud_detection_training_dag.py
[2025-10-11T23:49:45.253+0000] {processor.py:914} INFO - Processing file /opt/airflow/dags/fraud_detection_training_dag.py for tasks to queue
[2025-10-11T23:49:45.255+0000] {logging_mixin.py:190} INFO - [2025-10-11T23:49:45.255+0000] {dagbag.py:588} INFO - Filling up the DagBag from /opt/airflow/dags/fraud_detection_training_dag.py
[2025-10-11T23:49:45.266+0000] {processor.py:925} INFO - DAG(s) 'fraud_detection_training' retrieved from /opt/airflow/dags/fraud_detection_training_dag.py
[2025-10-11T23:49:45.288+0000] {logging_mixin.py:190} INFO - [2025-10-11T23:49:45.287+0000] {dag.py:3239} INFO - Sync 1 DAGs
[2025-10-11T23:49:45.301+0000] {logging_mixin.py:190} INFO - [2025-10-11T23:49:45.301+0000] {dag.py:4180} INFO - Setting next_dagrun for fraud_detection_training to 2025-10-11 03:00:00+00:00, run_after=2025-10-12 03:00:00+00:00
[2025-10-11T23:49:45.310+0000] {processor.py:208} INFO - Processing /opt/airflow/dags/fraud_detection_training_dag.py took 0.063 seconds
[2025-10-11T23:50:15.498+0000] {processor.py:186} INFO - Started process (PID=269) to work on /opt/airflow/dags/fraud_detection_training_dag.py
[2025-10-11T23:50:15.499+0000] {processor.py:914} INFO - Processing file /opt/airflow/dags/fraud_detection_training_dag.py for tasks to queue
[2025-10-11T23:50:15.501+0000] {logging_mixin.py:190} INFO - [2025-10-11T23:50:15.501+0000] {dagbag.py:588} INFO - Filling up the DagBag from /opt/airflow/dags/fraud_detection_training_dag.py
[2025-10-11T23:50:15.514+0000] {processor.py:925} INFO - DAG(s) 'fraud_detection_training' retrieved from /opt/airflow/dags/fraud_detection_training_dag.py
[2025-10-11T23:50:15.535+0000] {logging_mixin.py:190} INFO - [2025-10-11T23:50:15.535+0000] {dag.py:3239} INFO - Sync 1 DAGs
[2025-10-11T23:50:15.552+0000] {logging_mixin.py:190} INFO - [2025-10-11T23:50:15.552+0000] {dag.py:4180} INFO - Setting next_dagrun for fraud_detection_training to 2025-10-11 03:00:00+00:00, run_after=2025-10-12 03:00:00+00:00
[2025-10-11T23:50:15.560+0000] {processor.py:208} INFO - Processing /opt/airflow/dags/fraud_detection_training_dag.py took 0.067 seconds
[2025-10-11T23:50:45.619+0000] {processor.py:186} INFO - Started process (PID=276) to work on /opt/airflow/dags/fraud_detection_training_dag.py
[2025-10-11T23:50:45.619+0000] {processor.py:914} INFO - Processing file /opt/airflow/dags/fraud_detection_training_dag.py for tasks to queue
[2025-10-11T23:50:45.622+0000] {logging_mixin.py:190} INFO - [2025-10-11T23:50:45.621+0000] {dagbag.py:588} INFO - Filling up the DagBag from /opt/airflow/dags/fraud_detection_training_dag.py
[2025-10-11T23:50:45.633+0000] {processor.py:925} INFO - DAG(s) 'fraud_detection_training' retrieved from /opt/airflow/dags/fraud_detection_training_dag.py
[2025-10-11T23:50:45.653+0000] {logging_mixin.py:190} INFO - [2025-10-11T23:50:45.653+0000] {dag.py:3239} INFO - Sync 1 DAGs
[2025-10-11T23:50:45.668+0000] {logging_mixin.py:190} INFO - [2025-10-11T23:50:45.668+0000] {dag.py:4180} INFO - Setting next_dagrun for fraud_detection_training to 2025-10-11 03:00:00+00:00, run_after=2025-10-12 03:00:00+00:00
[2025-10-11T23:50:45.678+0000] {processor.py:208} INFO - Processing /opt/airflow/dags/fraud_detection_training_dag.py took 0.064 seconds
[2025-10-11T23:51:15.769+0000] {processor.py:186} INFO - Started process (PID=283) to work on /opt/airflow/dags/fraud_detection_training_dag.py
[2025-10-11T23:51:15.770+0000] {processor.py:914} INFO - Processing file /opt/airflow/dags/fraud_detection_training_dag.py for tasks to queue
[2025-10-11T23:51:15.772+0000] {logging_mixin.py:190} INFO - [2025-10-11T23:51:15.772+0000] {dagbag.py:588} INFO - Filling up the DagBag from /opt/airflow/dags/fraud_detection_training_dag.py
[2025-10-11T23:51:15.782+0000] {processor.py:925} INFO - DAG(s) 'fraud_detection_training' retrieved from /opt/airflow/dags/fraud_detection_training_dag.py
[2025-10-11T23:51:15.798+0000] {logging_mixin.py:190} INFO - [2025-10-11T23:51:15.798+0000] {dag.py:3239} INFO - Sync 1 DAGs
[2025-10-11T23:51:15.810+0000] {logging_mixin.py:190} INFO - [2025-10-11T23:51:15.810+0000] {dag.py:4180} INFO - Setting next_dagrun for fraud_detection_training to 2025-10-11 03:00:00+00:00, run_after=2025-10-12 03:00:00+00:00
[2025-10-11T23:51:15.818+0000] {processor.py:208} INFO - Processing /opt/airflow/dags/fraud_detection_training_dag.py took 0.053 seconds
[2025-10-11T23:51:45.891+0000] {processor.py:186} INFO - Started process (PID=289) to work on /opt/airflow/dags/fraud_detection_training_dag.py
[2025-10-11T23:51:45.892+0000] {processor.py:914} INFO - Processing file /opt/airflow/dags/fraud_detection_training_dag.py for tasks to queue
[2025-10-11T23:51:45.897+0000] {logging_mixin.py:190} INFO - [2025-10-11T23:51:45.896+0000] {dagbag.py:588} INFO - Filling up the DagBag from /opt/airflow/dags/fraud_detection_training_dag.py
[2025-10-11T23:51:45.908+0000] {processor.py:925} INFO - DAG(s) 'fraud_detection_training' retrieved from /opt/airflow/dags/fraud_detection_training_dag.py
[2025-10-11T23:51:45.926+0000] {logging_mixin.py:190} INFO - [2025-10-11T23:51:45.926+0000] {dag.py:3239} INFO - Sync 1 DAGs
[2025-10-11T23:51:45.940+0000] {logging_mixin.py:190} INFO - [2025-10-11T23:51:45.940+0000] {dag.py:4180} INFO - Setting next_dagrun for fraud_detection_training to 2025-10-11 03:00:00+00:00, run_after=2025-10-12 03:00:00+00:00
[2025-10-11T23:51:45.949+0000] {processor.py:208} INFO - Processing /opt/airflow/dags/fraud_detection_training_dag.py took 0.063 seconds
[2025-10-11T23:52:16.062+0000] {processor.py:186} INFO - Started process (PID=296) to work on /opt/airflow/dags/fraud_detection_training_dag.py
[2025-10-11T23:52:16.063+0000] {processor.py:914} INFO - Processing file /opt/airflow/dags/fraud_detection_training_dag.py for tasks to queue
[2025-10-11T23:52:16.066+0000] {logging_mixin.py:190} INFO - [2025-10-11T23:52:16.066+0000] {dagbag.py:588} INFO - Filling up the DagBag from /opt/airflow/dags/fraud_detection_training_dag.py
[2025-10-11T23:52:16.084+0000] {processor.py:925} INFO - DAG(s) 'fraud_detection_training' retrieved from /opt/airflow/dags/fraud_detection_training_dag.py
[2025-10-11T23:52:16.129+0000] {logging_mixin.py:190} INFO - [2025-10-11T23:52:16.129+0000] {dag.py:3239} INFO - Sync 1 DAGs
[2025-10-11T23:52:16.155+0000] {logging_mixin.py:190} INFO - [2025-10-11T23:52:16.155+0000] {dag.py:4180} INFO - Setting next_dagrun for fraud_detection_training to 2025-10-11 03:00:00+00:00, run_after=2025-10-12 03:00:00+00:00
[2025-10-11T23:52:16.195+0000] {processor.py:208} INFO - Processing /opt/airflow/dags/fraud_detection_training_dag.py took 0.142 seconds
[2025-10-11T23:52:46.365+0000] {processor.py:186} INFO - Started process (PID=303) to work on /opt/airflow/dags/fraud_detection_training_dag.py
[2025-10-11T23:52:46.365+0000] {processor.py:914} INFO - Processing file /opt/airflow/dags/fraud_detection_training_dag.py for tasks to queue
[2025-10-11T23:52:46.377+0000] {logging_mixin.py:190} INFO - [2025-10-11T23:52:46.375+0000] {dagbag.py:588} INFO - Filling up the DagBag from /opt/airflow/dags/fraud_detection_training_dag.py
[2025-10-11T23:52:46.393+0000] {processor.py:925} INFO - DAG(s) 'fraud_detection_training' retrieved from /opt/airflow/dags/fraud_detection_training_dag.py
[2025-10-11T23:52:46.414+0000] {logging_mixin.py:190} INFO - [2025-10-11T23:52:46.414+0000] {dag.py:3239} INFO - Sync 1 DAGs
[2025-10-11T23:52:46.427+0000] {logging_mixin.py:190} INFO - [2025-10-11T23:52:46.427+0000] {dag.py:4180} INFO - Setting next_dagrun for fraud_detection_training to 2025-10-11 03:00:00+00:00, run_after=2025-10-12 03:00:00+00:00
[2025-10-11T23:52:46.437+0000] {processor.py:208} INFO - Processing /opt/airflow/dags/fraud_detection_training_dag.py took 0.080 seconds
[2025-10-11T23:53:16.646+0000] {processor.py:186} INFO - Started process (PID=310) to work on /opt/airflow/dags/fraud_detection_training_dag.py
[2025-10-11T23:53:16.646+0000] {processor.py:914} INFO - Processing file /opt/airflow/dags/fraud_detection_training_dag.py for tasks to queue
[2025-10-11T23:53:16.649+0000] {logging_mixin.py:190} INFO - [2025-10-11T23:53:16.648+0000] {dagbag.py:588} INFO - Filling up the DagBag from /opt/airflow/dags/fraud_detection_training_dag.py
[2025-10-11T23:53:16.667+0000] {processor.py:925} INFO - DAG(s) 'fraud_detection_training' retrieved from /opt/airflow/dags/fraud_detection_training_dag.py
[2025-10-11T23:53:16.684+0000] {logging_mixin.py:190} INFO - [2025-10-11T23:53:16.684+0000] {dag.py:3239} INFO - Sync 1 DAGs
[2025-10-11T23:53:16.696+0000] {logging_mixin.py:190} INFO - [2025-10-11T23:53:16.696+0000] {dag.py:4180} INFO - Setting next_dagrun for fraud_detection_training to 2025-10-11 03:00:00+00:00, run_after=2025-10-12 03:00:00+00:00
[2025-10-11T23:53:16.703+0000] {processor.py:208} INFO - Processing /opt/airflow/dags/fraud_detection_training_dag.py took 0.062 seconds
[2025-10-11T23:53:46.822+0000] {processor.py:186} INFO - Started process (PID=316) to work on /opt/airflow/dags/fraud_detection_training_dag.py
[2025-10-11T23:53:46.824+0000] {processor.py:914} INFO - Processing file /opt/airflow/dags/fraud_detection_training_dag.py for tasks to queue
[2025-10-11T23:53:46.825+0000] {logging_mixin.py:190} INFO - [2025-10-11T23:53:46.825+0000] {dagbag.py:588} INFO - Filling up the DagBag from /opt/airflow/dags/fraud_detection_training_dag.py
[2025-10-11T23:53:46.833+0000] {processor.py:925} INFO - DAG(s) 'fraud_detection_training' retrieved from /opt/airflow/dags/fraud_detection_training_dag.py
[2025-10-11T23:53:46.850+0000] {logging_mixin.py:190} INFO - [2025-10-11T23:53:46.850+0000] {dag.py:3239} INFO - Sync 1 DAGs
[2025-10-11T23:53:46.863+0000] {logging_mixin.py:190} INFO - [2025-10-11T23:53:46.862+0000] {dag.py:4180} INFO - Setting next_dagrun for fraud_detection_training to 2025-10-11 03:00:00+00:00, run_after=2025-10-12 03:00:00+00:00
[2025-10-11T23:53:46.873+0000] {processor.py:208} INFO - Processing /opt/airflow/dags/fraud_detection_training_dag.py took 0.054 seconds
[2025-10-11T23:54:17.003+0000] {processor.py:186} INFO - Started process (PID=322) to work on /opt/airflow/dags/fraud_detection_training_dag.py
[2025-10-11T23:54:17.004+0000] {processor.py:914} INFO - Processing file /opt/airflow/dags/fraud_detection_training_dag.py for tasks to queue
[2025-10-11T23:54:17.007+0000] {logging_mixin.py:190} INFO - [2025-10-11T23:54:17.006+0000] {dagbag.py:588} INFO - Filling up the DagBag from /opt/airflow/dags/fraud_detection_training_dag.py
[2025-10-11T23:54:17.018+0000] {processor.py:925} INFO - DAG(s) 'fraud_detection_training' retrieved from /opt/airflow/dags/fraud_detection_training_dag.py
[2025-10-11T23:54:17.041+0000] {logging_mixin.py:190} INFO - [2025-10-11T23:54:17.041+0000] {dag.py:3239} INFO - Sync 1 DAGs
[2025-10-11T23:54:17.059+0000] {logging_mixin.py:190} INFO - [2025-10-11T23:54:17.059+0000] {dag.py:4180} INFO - Setting next_dagrun for fraud_detection_training to 2025-10-11 03:00:00+00:00, run_after=2025-10-12 03:00:00+00:00
[2025-10-11T23:54:17.077+0000] {processor.py:208} INFO - Processing /opt/airflow/dags/fraud_detection_training_dag.py took 0.078 seconds
[2025-10-11T23:54:47.180+0000] {processor.py:186} INFO - Started process (PID=329) to work on /opt/airflow/dags/fraud_detection_training_dag.py
[2025-10-11T23:54:47.181+0000] {processor.py:914} INFO - Processing file /opt/airflow/dags/fraud_detection_training_dag.py for tasks to queue
[2025-10-11T23:54:47.183+0000] {logging_mixin.py:190} INFO - [2025-10-11T23:54:47.183+0000] {dagbag.py:588} INFO - Filling up the DagBag from /opt/airflow/dags/fraud_detection_training_dag.py
[2025-10-11T23:54:47.195+0000] {processor.py:925} INFO - DAG(s) 'fraud_detection_training' retrieved from /opt/airflow/dags/fraud_detection_training_dag.py
[2025-10-11T23:54:47.217+0000] {logging_mixin.py:190} INFO - [2025-10-11T23:54:47.216+0000] {dag.py:3239} INFO - Sync 1 DAGs
[2025-10-11T23:54:47.230+0000] {logging_mixin.py:190} INFO - [2025-10-11T23:54:47.230+0000] {dag.py:4180} INFO - Setting next_dagrun for fraud_detection_training to 2025-10-11 03:00:00+00:00, run_after=2025-10-12 03:00:00+00:00
[2025-10-11T23:54:47.241+0000] {processor.py:208} INFO - Processing /opt/airflow/dags/fraud_detection_training_dag.py took 0.066 seconds
[2025-10-11T23:55:17.373+0000] {processor.py:186} INFO - Started process (PID=336) to work on /opt/airflow/dags/fraud_detection_training_dag.py
[2025-10-11T23:55:17.373+0000] {processor.py:914} INFO - Processing file /opt/airflow/dags/fraud_detection_training_dag.py for tasks to queue
[2025-10-11T23:55:17.375+0000] {logging_mixin.py:190} INFO - [2025-10-11T23:55:17.375+0000] {dagbag.py:588} INFO - Filling up the DagBag from /opt/airflow/dags/fraud_detection_training_dag.py
[2025-10-11T23:55:17.382+0000] {processor.py:925} INFO - DAG(s) 'fraud_detection_training' retrieved from /opt/airflow/dags/fraud_detection_training_dag.py
[2025-10-11T23:55:17.395+0000] {logging_mixin.py:190} INFO - [2025-10-11T23:55:17.395+0000] {dag.py:3239} INFO - Sync 1 DAGs
[2025-10-11T23:55:17.409+0000] {logging_mixin.py:190} INFO - [2025-10-11T23:55:17.409+0000] {dag.py:4180} INFO - Setting next_dagrun for fraud_detection_training to 2025-10-11 03:00:00+00:00, run_after=2025-10-12 03:00:00+00:00
[2025-10-11T23:55:17.417+0000] {processor.py:208} INFO - Processing /opt/airflow/dags/fraud_detection_training_dag.py took 0.047 seconds
[2025-10-11T23:55:47.683+0000] {processor.py:186} INFO - Started process (PID=343) to work on /opt/airflow/dags/fraud_detection_training_dag.py
[2025-10-11T23:55:47.684+0000] {processor.py:914} INFO - Processing file /opt/airflow/dags/fraud_detection_training_dag.py for tasks to queue
[2025-10-11T23:55:47.687+0000] {logging_mixin.py:190} INFO - [2025-10-11T23:55:47.687+0000] {dagbag.py:588} INFO - Filling up the DagBag from /opt/airflow/dags/fraud_detection_training_dag.py
[2025-10-11T23:55:47.699+0000] {processor.py:925} INFO - DAG(s) 'fraud_detection_training' retrieved from /opt/airflow/dags/fraud_detection_training_dag.py
[2025-10-11T23:55:47.724+0000] {logging_mixin.py:190} INFO - [2025-10-11T23:55:47.724+0000] {dag.py:3239} INFO - Sync 1 DAGs
[2025-10-11T23:55:47.739+0000] {logging_mixin.py:190} INFO - [2025-10-11T23:55:47.739+0000] {dag.py:4180} INFO - Setting next_dagrun for fraud_detection_training to 2025-10-11 03:00:00+00:00, run_after=2025-10-12 03:00:00+00:00
[2025-10-11T23:55:47.746+0000] {processor.py:208} INFO - Processing /opt/airflow/dags/fraud_detection_training_dag.py took 0.070 seconds
[2025-10-11T23:56:17.954+0000] {processor.py:186} INFO - Started process (PID=350) to work on /opt/airflow/dags/fraud_detection_training_dag.py
[2025-10-11T23:56:17.954+0000] {processor.py:914} INFO - Processing file /opt/airflow/dags/fraud_detection_training_dag.py for tasks to queue
[2025-10-11T23:56:17.956+0000] {logging_mixin.py:190} INFO - [2025-10-11T23:56:17.956+0000] {dagbag.py:588} INFO - Filling up the DagBag from /opt/airflow/dags/fraud_detection_training_dag.py
[2025-10-11T23:56:17.964+0000] {processor.py:925} INFO - DAG(s) 'fraud_detection_training' retrieved from /opt/airflow/dags/fraud_detection_training_dag.py
[2025-10-11T23:56:17.978+0000] {logging_mixin.py:190} INFO - [2025-10-11T23:56:17.978+0000] {dag.py:3239} INFO - Sync 1 DAGs
[2025-10-11T23:56:17.990+0000] {logging_mixin.py:190} INFO - [2025-10-11T23:56:17.990+0000] {dag.py:4180} INFO - Setting next_dagrun for fraud_detection_training to 2025-10-11 03:00:00+00:00, run_after=2025-10-12 03:00:00+00:00
[2025-10-11T23:56:17.998+0000] {processor.py:208} INFO - Processing /opt/airflow/dags/fraud_detection_training_dag.py took 0.049 seconds
[2025-10-11T23:56:48.239+0000] {processor.py:186} INFO - Started process (PID=357) to work on /opt/airflow/dags/fraud_detection_training_dag.py
[2025-10-11T23:56:48.240+0000] {processor.py:914} INFO - Processing file /opt/airflow/dags/fraud_detection_training_dag.py for tasks to queue
[2025-10-11T23:56:48.242+0000] {logging_mixin.py:190} INFO - [2025-10-11T23:56:48.242+0000] {dagbag.py:588} INFO - Filling up the DagBag from /opt/airflow/dags/fraud_detection_training_dag.py
[2025-10-11T23:56:48.248+0000] {processor.py:925} INFO - DAG(s) 'fraud_detection_training' retrieved from /opt/airflow/dags/fraud_detection_training_dag.py
[2025-10-11T23:56:48.263+0000] {logging_mixin.py:190} INFO - [2025-10-11T23:56:48.262+0000] {dag.py:3239} INFO - Sync 1 DAGs
[2025-10-11T23:56:48.275+0000] {logging_mixin.py:190} INFO - [2025-10-11T23:56:48.275+0000] {dag.py:4180} INFO - Setting next_dagrun for fraud_detection_training to 2025-10-11 03:00:00+00:00, run_after=2025-10-12 03:00:00+00:00
[2025-10-11T23:56:48.282+0000] {processor.py:208} INFO - Processing /opt/airflow/dags/fraud_detection_training_dag.py took 0.047 seconds
[2025-10-11T23:57:18.564+0000] {processor.py:186} INFO - Started process (PID=364) to work on /opt/airflow/dags/fraud_detection_training_dag.py
[2025-10-11T23:57:18.564+0000] {processor.py:914} INFO - Processing file /opt/airflow/dags/fraud_detection_training_dag.py for tasks to queue
[2025-10-11T23:57:18.568+0000] {logging_mixin.py:190} INFO - [2025-10-11T23:57:18.567+0000] {dagbag.py:588} INFO - Filling up the DagBag from /opt/airflow/dags/fraud_detection_training_dag.py
[2025-10-11T23:57:18.581+0000] {processor.py:925} INFO - DAG(s) 'fraud_detection_training' retrieved from /opt/airflow/dags/fraud_detection_training_dag.py
[2025-10-11T23:57:18.598+0000] {logging_mixin.py:190} INFO - [2025-10-11T23:57:18.598+0000] {dag.py:3239} INFO - Sync 1 DAGs
[2025-10-11T23:57:18.610+0000] {logging_mixin.py:190} INFO - [2025-10-11T23:57:18.610+0000] {dag.py:4180} INFO - Setting next_dagrun for fraud_detection_training to 2025-10-11 03:00:00+00:00, run_after=2025-10-12 03:00:00+00:00
[2025-10-11T23:57:18.618+0000] {processor.py:208} INFO - Processing /opt/airflow/dags/fraud_detection_training_dag.py took 0.063 seconds
[2025-10-11T23:57:48.862+0000] {processor.py:186} INFO - Started process (PID=371) to work on /opt/airflow/dags/fraud_detection_training_dag.py
[2025-10-11T23:57:48.862+0000] {processor.py:914} INFO - Processing file /opt/airflow/dags/fraud_detection_training_dag.py for tasks to queue
[2025-10-11T23:57:48.865+0000] {logging_mixin.py:190} INFO - [2025-10-11T23:57:48.865+0000] {dagbag.py:588} INFO - Filling up the DagBag from /opt/airflow/dags/fraud_detection_training_dag.py
[2025-10-11T23:57:48.877+0000] {processor.py:925} INFO - DAG(s) 'fraud_detection_training' retrieved from /opt/airflow/dags/fraud_detection_training_dag.py
[2025-10-11T23:57:48.895+0000] {logging_mixin.py:190} INFO - [2025-10-11T23:57:48.895+0000] {dag.py:3239} INFO - Sync 1 DAGs
[2025-10-11T23:57:48.908+0000] {logging_mixin.py:190} INFO - [2025-10-11T23:57:48.908+0000] {dag.py:4180} INFO - Setting next_dagrun for fraud_detection_training to 2025-10-11 03:00:00+00:00, run_after=2025-10-12 03:00:00+00:00
[2025-10-11T23:57:48.915+0000] {processor.py:208} INFO - Processing /opt/airflow/dags/fraud_detection_training_dag.py took 0.062 seconds
[2025-10-11T23:58:19.154+0000] {processor.py:186} INFO - Started process (PID=378) to work on /opt/airflow/dags/fraud_detection_training_dag.py
[2025-10-11T23:58:19.155+0000] {processor.py:914} INFO - Processing file /opt/airflow/dags/fraud_detection_training_dag.py for tasks to queue
[2025-10-11T23:58:19.157+0000] {logging_mixin.py:190} INFO - [2025-10-11T23:58:19.157+0000] {dagbag.py:588} INFO - Filling up the DagBag from /opt/airflow/dags/fraud_detection_training_dag.py
[2025-10-11T23:58:19.168+0000] {processor.py:925} INFO - DAG(s) 'fraud_detection_training' retrieved from /opt/airflow/dags/fraud_detection_training_dag.py
[2025-10-11T23:58:19.185+0000] {logging_mixin.py:190} INFO - [2025-10-11T23:58:19.185+0000] {dag.py:3239} INFO - Sync 1 DAGs
[2025-10-11T23:58:19.198+0000] {logging_mixin.py:190} INFO - [2025-10-11T23:58:19.198+0000] {dag.py:4180} INFO - Setting next_dagrun for fraud_detection_training to 2025-10-11 03:00:00+00:00, run_after=2025-10-12 03:00:00+00:00
[2025-10-11T23:58:19.206+0000] {processor.py:208} INFO - Processing /opt/airflow/dags/fraud_detection_training_dag.py took 0.058 seconds
[2025-10-11T23:58:49.488+0000] {processor.py:186} INFO - Started process (PID=385) to work on /opt/airflow/dags/fraud_detection_training_dag.py
[2025-10-11T23:58:49.489+0000] {processor.py:914} INFO - Processing file /opt/airflow/dags/fraud_detection_training_dag.py for tasks to queue
[2025-10-11T23:58:49.491+0000] {logging_mixin.py:190} INFO - [2025-10-11T23:58:49.491+0000] {dagbag.py:588} INFO - Filling up the DagBag from /opt/airflow/dags/fraud_detection_training_dag.py
[2025-10-11T23:58:49.501+0000] {processor.py:925} INFO - DAG(s) 'fraud_detection_training' retrieved from /opt/airflow/dags/fraud_detection_training_dag.py
[2025-10-11T23:58:49.518+0000] {logging_mixin.py:190} INFO - [2025-10-11T23:58:49.518+0000] {dag.py:3239} INFO - Sync 1 DAGs
[2025-10-11T23:58:49.530+0000] {logging_mixin.py:190} INFO - [2025-10-11T23:58:49.529+0000] {dag.py:4180} INFO - Setting next_dagrun for fraud_detection_training to 2025-10-11 03:00:00+00:00, run_after=2025-10-12 03:00:00+00:00
[2025-10-11T23:58:49.544+0000] {processor.py:208} INFO - Processing /opt/airflow/dags/fraud_detection_training_dag.py took 0.062 seconds
[2025-10-11T23:59:19.767+0000] {processor.py:186} INFO - Started process (PID=392) to work on /opt/airflow/dags/fraud_detection_training_dag.py
[2025-10-11T23:59:19.768+0000] {processor.py:914} INFO - Processing file /opt/airflow/dags/fraud_detection_training_dag.py for tasks to queue
[2025-10-11T23:59:19.771+0000] {logging_mixin.py:190} INFO - [2025-10-11T23:59:19.770+0000] {dagbag.py:588} INFO - Filling up the DagBag from /opt/airflow/dags/fraud_detection_training_dag.py
[2025-10-11T23:59:19.788+0000] {processor.py:925} INFO - DAG(s) 'fraud_detection_training' retrieved from /opt/airflow/dags/fraud_detection_training_dag.py
[2025-10-11T23:59:19.805+0000] {logging_mixin.py:190} INFO - [2025-10-11T23:59:19.804+0000] {dag.py:3239} INFO - Sync 1 DAGs
[2025-10-11T23:59:19.819+0000] {logging_mixin.py:190} INFO - [2025-10-11T23:59:19.818+0000] {dag.py:4180} INFO - Setting next_dagrun for fraud_detection_training to 2025-10-11 03:00:00+00:00, run_after=2025-10-12 03:00:00+00:00
[2025-10-11T23:59:19.826+0000] {processor.py:208} INFO - Processing /opt/airflow/dags/fraud_detection_training_dag.py took 0.063 seconds
[2025-10-11T23:59:50.016+0000] {processor.py:186} INFO - Started process (PID=399) to work on /opt/airflow/dags/fraud_detection_training_dag.py
[2025-10-11T23:59:50.017+0000] {processor.py:914} INFO - Processing file /opt/airflow/dags/fraud_detection_training_dag.py for tasks to queue
[2025-10-11T23:59:50.020+0000] {logging_mixin.py:190} INFO - [2025-10-11T23:59:50.019+0000] {dagbag.py:588} INFO - Filling up the DagBag from /opt/airflow/dags/fraud_detection_training_dag.py
[2025-10-11T23:59:50.032+0000] {processor.py:925} INFO - DAG(s) 'fraud_detection_training' retrieved from /opt/airflow/dags/fraud_detection_training_dag.py
[2025-10-11T23:59:50.050+0000] {logging_mixin.py:190} INFO - [2025-10-11T23:59:50.050+0000] {dag.py:3239} INFO - Sync 1 DAGs
[2025-10-11T23:59:50.064+0000] {logging_mixin.py:190} INFO - [2025-10-11T23:59:50.064+0000] {dag.py:4180} INFO - Setting next_dagrun for fraud_detection_training to 2025-10-11 03:00:00+00:00, run_after=2025-10-12 03:00:00+00:00
[2025-10-11T23:59:50.072+0000] {processor.py:208} INFO - Processing /opt/airflow/dags/fraud_detection_training_dag.py took 0.062 seconds
