[2025-10-08T04:28:57.089+0000] {processor.py:186} INFO - Started process (PID=58) to work on /opt/airflow/dags/fraud_detection_training_dag.py
[2025-10-08T04:28:57.092+0000] {processor.py:914} INFO - Processing file /opt/airflow/dags/fraud_detection_training_dag.py for tasks to queue
[2025-10-08T04:28:57.102+0000] {logging_mixin.py:190} INFO - [2025-10-08T04:28:57.101+0000] {dagbag.py:588} INFO - Filling up the DagBag from /opt/airflow/dags/fraud_detection_training_dag.py
[2025-10-08T04:28:57.234+0000] {processor.py:925} INFO - DAG(s) 'fraud_detection_training' retrieved from /opt/airflow/dags/fraud_detection_training_dag.py
[2025-10-08T04:28:58.296+0000] {logging_mixin.py:190} INFO - [2025-10-08T04:28:58.295+0000] {dag.py:3239} INFO - Sync 1 DAGs
[2025-10-08T04:28:58.401+0000] {logging_mixin.py:190} INFO - [2025-10-08T04:28:58.400+0000] {dag.py:4180} INFO - Setting next_dagrun for fraud_detection_training to 2025-10-07 03:00:00+00:00, run_after=2025-10-08 03:00:00+00:00
[2025-10-08T04:28:58.473+0000] {processor.py:208} INFO - Processing /opt/airflow/dags/fraud_detection_training_dag.py took 1.401 seconds
[2025-10-08T04:29:29.204+0000] {processor.py:186} INFO - Started process (PID=69) to work on /opt/airflow/dags/fraud_detection_training_dag.py
[2025-10-08T04:29:29.209+0000] {processor.py:914} INFO - Processing file /opt/airflow/dags/fraud_detection_training_dag.py for tasks to queue
[2025-10-08T04:29:29.233+0000] {logging_mixin.py:190} INFO - [2025-10-08T04:29:29.230+0000] {dagbag.py:588} INFO - Filling up the DagBag from /opt/airflow/dags/fraud_detection_training_dag.py
[2025-10-08T04:29:29.275+0000] {processor.py:925} INFO - DAG(s) 'fraud_detection_training' retrieved from /opt/airflow/dags/fraud_detection_training_dag.py
[2025-10-08T04:29:29.342+0000] {logging_mixin.py:190} INFO - [2025-10-08T04:29:29.341+0000] {dag.py:3239} INFO - Sync 1 DAGs
[2025-10-08T04:29:29.373+0000] {logging_mixin.py:190} INFO - [2025-10-08T04:29:29.373+0000] {dag.py:4180} INFO - Setting next_dagrun for fraud_detection_training to 2025-10-08 03:00:00+00:00, run_after=2025-10-09 03:00:00+00:00
[2025-10-08T04:29:29.393+0000] {processor.py:208} INFO - Processing /opt/airflow/dags/fraud_detection_training_dag.py took 0.215 seconds
[2025-10-08T04:30:00.090+0000] {processor.py:186} INFO - Started process (PID=76) to work on /opt/airflow/dags/fraud_detection_training_dag.py
[2025-10-08T04:30:00.092+0000] {processor.py:914} INFO - Processing file /opt/airflow/dags/fraud_detection_training_dag.py for tasks to queue
[2025-10-08T04:30:00.100+0000] {logging_mixin.py:190} INFO - [2025-10-08T04:30:00.098+0000] {dagbag.py:588} INFO - Filling up the DagBag from /opt/airflow/dags/fraud_detection_training_dag.py
[2025-10-08T04:30:00.180+0000] {processor.py:925} INFO - DAG(s) 'fraud_detection_training' retrieved from /opt/airflow/dags/fraud_detection_training_dag.py
[2025-10-08T04:30:00.332+0000] {logging_mixin.py:190} INFO - [2025-10-08T04:30:00.332+0000] {dag.py:3239} INFO - Sync 1 DAGs
[2025-10-08T04:30:00.404+0000] {logging_mixin.py:190} INFO - [2025-10-08T04:30:00.403+0000] {dag.py:4180} INFO - Setting next_dagrun for fraud_detection_training to 2025-10-08 03:00:00+00:00, run_after=2025-10-09 03:00:00+00:00
[2025-10-08T04:30:00.455+0000] {processor.py:208} INFO - Processing /opt/airflow/dags/fraud_detection_training_dag.py took 0.405 seconds
[2025-10-08T04:30:31.227+0000] {processor.py:186} INFO - Started process (PID=83) to work on /opt/airflow/dags/fraud_detection_training_dag.py
[2025-10-08T04:30:31.230+0000] {processor.py:914} INFO - Processing file /opt/airflow/dags/fraud_detection_training_dag.py for tasks to queue
[2025-10-08T04:30:31.252+0000] {logging_mixin.py:190} INFO - [2025-10-08T04:30:31.251+0000] {dagbag.py:588} INFO - Filling up the DagBag from /opt/airflow/dags/fraud_detection_training_dag.py
[2025-10-08T04:30:31.400+0000] {processor.py:925} INFO - DAG(s) 'fraud_detection_training' retrieved from /opt/airflow/dags/fraud_detection_training_dag.py
[2025-10-08T04:30:31.549+0000] {logging_mixin.py:190} INFO - [2025-10-08T04:30:31.549+0000] {dag.py:3239} INFO - Sync 1 DAGs
[2025-10-08T04:30:31.803+0000] {logging_mixin.py:190} INFO - [2025-10-08T04:30:31.802+0000] {dag.py:4180} INFO - Setting next_dagrun for fraud_detection_training to 2025-10-08 03:00:00+00:00, run_after=2025-10-09 03:00:00+00:00
[2025-10-08T04:30:31.893+0000] {processor.py:208} INFO - Processing /opt/airflow/dags/fraud_detection_training_dag.py took 0.682 seconds
[2025-10-08T04:31:10.845+0000] {processor.py:186} INFO - Started process (PID=84) to work on /opt/airflow/dags/fraud_detection_training_dag.py
[2025-10-08T04:31:10.876+0000] {processor.py:914} INFO - Processing file /opt/airflow/dags/fraud_detection_training_dag.py for tasks to queue
[2025-10-08T04:31:10.930+0000] {logging_mixin.py:190} INFO - [2025-10-08T04:31:10.924+0000] {dagbag.py:588} INFO - Filling up the DagBag from /opt/airflow/dags/fraud_detection_training_dag.py
[2025-10-08T04:31:11.323+0000] {processor.py:925} INFO - DAG(s) 'fraud_detection_training' retrieved from /opt/airflow/dags/fraud_detection_training_dag.py
[2025-10-08T04:31:11.850+0000] {logging_mixin.py:190} INFO - [2025-10-08T04:31:11.848+0000] {dag.py:3239} INFO - Sync 1 DAGs
[2025-10-08T04:31:12.017+0000] {logging_mixin.py:190} INFO - [2025-10-08T04:31:12.016+0000] {dag.py:4180} INFO - Setting next_dagrun for fraud_detection_training to 2025-10-08 03:00:00+00:00, run_after=2025-10-09 03:00:00+00:00
[2025-10-08T04:31:12.076+0000] {processor.py:208} INFO - Processing /opt/airflow/dags/fraud_detection_training_dag.py took 4.925 seconds
[2025-10-08T04:31:21.541+0000] {processor.py:186} INFO - Started process (PID=91) to work on /opt/airflow/dags/fraud_detection_training_dag.py
[2025-10-08T04:31:21.543+0000] {processor.py:914} INFO - Processing file /opt/airflow/dags/fraud_detection_training_dag.py for tasks to queue
[2025-10-08T04:31:21.553+0000] {logging_mixin.py:190} INFO - [2025-10-08T04:31:21.549+0000] {dagbag.py:588} INFO - Filling up the DagBag from /opt/airflow/dags/fraud_detection_training_dag.py
[2025-10-08T04:31:21.600+0000] {processor.py:925} INFO - DAG(s) 'fraud_detection_training' retrieved from /opt/airflow/dags/fraud_detection_training_dag.py
[2025-10-08T04:31:21.680+0000] {logging_mixin.py:190} INFO - [2025-10-08T04:31:21.679+0000] {taskinstance.py:3315} ERROR - {'DAG Id': 'fraud_detection_training', 'Task Id': 'execute_training', 'Run Id': 'scheduled__2025-10-07T03:00:00+00:00', 'Hostname': '37d2d8c0d43e', 'External Executor Id': '8cf929d1-b8db-44e7-a8a0-09826443a204'}
[2025-10-08T04:31:21.747+0000] {logging_mixin.py:190} INFO - [2025-10-08T04:31:21.746+0000] {taskinstance.py:1226} INFO - Marking task as FAILED. dag_id=fraud_detection_training, task_id=execute_training, run_id=scheduled__2025-10-07T03:00:00+00:00, execution_date=20251007T030000, start_date=20251008T042905, end_date=20251008T043121
[2025-10-08T04:31:21.793+0000] {logging_mixin.py:190} INFO - [2025-10-08T04:31:21.792+0000] {processor.py:876} INFO - Executed callback for <TaskInstance: fraud_detection_training.execute_training scheduled__2025-10-07T03:00:00+00:00 [failed]> in state failed
[2025-10-08T04:31:21.838+0000] {logging_mixin.py:190} INFO - [2025-10-08T04:31:21.837+0000] {dag.py:3239} INFO - Sync 1 DAGs
[2025-10-08T04:31:21.860+0000] {logging_mixin.py:190} INFO - [2025-10-08T04:31:21.860+0000] {dag.py:4180} INFO - Setting next_dagrun for fraud_detection_training to 2025-10-08 03:00:00+00:00, run_after=2025-10-09 03:00:00+00:00
[2025-10-08T04:31:21.877+0000] {processor.py:208} INFO - Processing /opt/airflow/dags/fraud_detection_training_dag.py took 0.353 seconds
[2025-10-08T04:31:51.951+0000] {processor.py:186} INFO - Started process (PID=98) to work on /opt/airflow/dags/fraud_detection_training_dag.py
[2025-10-08T04:31:51.953+0000] {processor.py:914} INFO - Processing file /opt/airflow/dags/fraud_detection_training_dag.py for tasks to queue
[2025-10-08T04:31:51.957+0000] {logging_mixin.py:190} INFO - [2025-10-08T04:31:51.956+0000] {dagbag.py:588} INFO - Filling up the DagBag from /opt/airflow/dags/fraud_detection_training_dag.py
[2025-10-08T04:31:51.987+0000] {processor.py:925} INFO - DAG(s) 'fraud_detection_training' retrieved from /opt/airflow/dags/fraud_detection_training_dag.py
[2025-10-08T04:31:52.036+0000] {logging_mixin.py:190} INFO - [2025-10-08T04:31:52.036+0000] {dag.py:3239} INFO - Sync 1 DAGs
[2025-10-08T04:31:52.065+0000] {logging_mixin.py:190} INFO - [2025-10-08T04:31:52.065+0000] {dag.py:4180} INFO - Setting next_dagrun for fraud_detection_training to 2025-10-08 03:00:00+00:00, run_after=2025-10-09 03:00:00+00:00
[2025-10-08T04:31:52.085+0000] {processor.py:208} INFO - Processing /opt/airflow/dags/fraud_detection_training_dag.py took 0.144 seconds
[2025-10-08T04:32:22.901+0000] {processor.py:186} INFO - Started process (PID=105) to work on /opt/airflow/dags/fraud_detection_training_dag.py
[2025-10-08T04:32:22.902+0000] {processor.py:914} INFO - Processing file /opt/airflow/dags/fraud_detection_training_dag.py for tasks to queue
[2025-10-08T04:32:22.906+0000] {logging_mixin.py:190} INFO - [2025-10-08T04:32:22.905+0000] {dagbag.py:588} INFO - Filling up the DagBag from /opt/airflow/dags/fraud_detection_training_dag.py
[2025-10-08T04:32:22.933+0000] {processor.py:925} INFO - DAG(s) 'fraud_detection_training' retrieved from /opt/airflow/dags/fraud_detection_training_dag.py
[2025-10-08T04:32:22.970+0000] {logging_mixin.py:190} INFO - [2025-10-08T04:32:22.969+0000] {dag.py:3239} INFO - Sync 1 DAGs
[2025-10-08T04:32:23.007+0000] {logging_mixin.py:190} INFO - [2025-10-08T04:32:23.007+0000] {dag.py:4180} INFO - Setting next_dagrun for fraud_detection_training to 2025-10-08 03:00:00+00:00, run_after=2025-10-09 03:00:00+00:00
[2025-10-08T04:32:23.065+0000] {processor.py:208} INFO - Processing /opt/airflow/dags/fraud_detection_training_dag.py took 0.172 seconds
[2025-10-08T04:32:26.313+0000] {processor.py:186} INFO - Started process (PID=106) to work on /opt/airflow/dags/fraud_detection_training_dag.py
[2025-10-08T04:32:26.318+0000] {processor.py:914} INFO - Processing file /opt/airflow/dags/fraud_detection_training_dag.py for tasks to queue
[2025-10-08T04:32:26.329+0000] {logging_mixin.py:190} INFO - [2025-10-08T04:32:26.328+0000] {dagbag.py:588} INFO - Filling up the DagBag from /opt/airflow/dags/fraud_detection_training_dag.py
[2025-10-08T04:32:26.372+0000] {processor.py:925} INFO - DAG(s) 'fraud_detection_training' retrieved from /opt/airflow/dags/fraud_detection_training_dag.py
[2025-10-08T04:32:26.423+0000] {logging_mixin.py:190} INFO - [2025-10-08T04:32:26.423+0000] {taskinstance.py:3315} ERROR - {'DAG Id': 'fraud_detection_training', 'Task Id': 'execute_training', 'Run Id': 'manual__2025-10-08T04:30:26.646971+00:00', 'Hostname': 'c18ef9c19755', 'External Executor Id': '2de60931-9b37-4d0c-8c5a-e52de8cad83f'}
[2025-10-08T04:32:26.474+0000] {logging_mixin.py:190} INFO - [2025-10-08T04:32:26.474+0000] {taskinstance.py:1226} INFO - Marking task as FAILED. dag_id=fraud_detection_training, task_id=execute_training, run_id=manual__2025-10-08T04:30:26.646971+00:00, execution_date=20251008T043026, start_date=20251008T043032, end_date=20251008T043226
[2025-10-08T04:32:26.513+0000] {logging_mixin.py:190} INFO - [2025-10-08T04:32:26.512+0000] {processor.py:876} INFO - Executed callback for <TaskInstance: fraud_detection_training.execute_training manual__2025-10-08T04:30:26.646971+00:00 [failed]> in state failed
[2025-10-08T04:32:26.538+0000] {logging_mixin.py:190} INFO - [2025-10-08T04:32:26.538+0000] {dag.py:3239} INFO - Sync 1 DAGs
[2025-10-08T04:32:26.563+0000] {logging_mixin.py:190} INFO - [2025-10-08T04:32:26.562+0000] {dag.py:4180} INFO - Setting next_dagrun for fraud_detection_training to 2025-10-08 03:00:00+00:00, run_after=2025-10-09 03:00:00+00:00
[2025-10-08T04:32:26.577+0000] {processor.py:208} INFO - Processing /opt/airflow/dags/fraud_detection_training_dag.py took 0.275 seconds
[2025-10-08T04:32:56.700+0000] {processor.py:186} INFO - Started process (PID=113) to work on /opt/airflow/dags/fraud_detection_training_dag.py
[2025-10-08T04:32:56.701+0000] {processor.py:914} INFO - Processing file /opt/airflow/dags/fraud_detection_training_dag.py for tasks to queue
[2025-10-08T04:32:56.704+0000] {logging_mixin.py:190} INFO - [2025-10-08T04:32:56.703+0000] {dagbag.py:588} INFO - Filling up the DagBag from /opt/airflow/dags/fraud_detection_training_dag.py
[2025-10-08T04:32:56.719+0000] {processor.py:925} INFO - DAG(s) 'fraud_detection_training' retrieved from /opt/airflow/dags/fraud_detection_training_dag.py
[2025-10-08T04:32:56.755+0000] {logging_mixin.py:190} INFO - [2025-10-08T04:32:56.755+0000] {dag.py:3239} INFO - Sync 1 DAGs
[2025-10-08T04:32:56.781+0000] {logging_mixin.py:190} INFO - [2025-10-08T04:32:56.781+0000] {dag.py:4180} INFO - Setting next_dagrun for fraud_detection_training to 2025-10-08 03:00:00+00:00, run_after=2025-10-09 03:00:00+00:00
[2025-10-08T04:32:56.794+0000] {processor.py:208} INFO - Processing /opt/airflow/dags/fraud_detection_training_dag.py took 0.101 seconds
[2025-10-08T04:33:27.533+0000] {processor.py:186} INFO - Started process (PID=120) to work on /opt/airflow/dags/fraud_detection_training_dag.py
[2025-10-08T04:33:27.539+0000] {processor.py:914} INFO - Processing file /opt/airflow/dags/fraud_detection_training_dag.py for tasks to queue
[2025-10-08T04:33:27.557+0000] {logging_mixin.py:190} INFO - [2025-10-08T04:33:27.554+0000] {dagbag.py:588} INFO - Filling up the DagBag from /opt/airflow/dags/fraud_detection_training_dag.py
[2025-10-08T04:33:27.664+0000] {processor.py:925} INFO - DAG(s) 'fraud_detection_training' retrieved from /opt/airflow/dags/fraud_detection_training_dag.py
[2025-10-08T04:33:27.797+0000] {logging_mixin.py:190} INFO - [2025-10-08T04:33:27.796+0000] {dag.py:3239} INFO - Sync 1 DAGs
[2025-10-08T04:33:27.868+0000] {logging_mixin.py:190} INFO - [2025-10-08T04:33:27.867+0000] {dag.py:4180} INFO - Setting next_dagrun for fraud_detection_training to 2025-10-08 03:00:00+00:00, run_after=2025-10-09 03:00:00+00:00
[2025-10-08T04:33:27.953+0000] {processor.py:208} INFO - Processing /opt/airflow/dags/fraud_detection_training_dag.py took 0.446 seconds
[2025-10-08T04:33:37.709+0000] {processor.py:186} INFO - Started process (PID=121) to work on /opt/airflow/dags/fraud_detection_training_dag.py
[2025-10-08T04:33:37.710+0000] {processor.py:914} INFO - Processing file /opt/airflow/dags/fraud_detection_training_dag.py for tasks to queue
[2025-10-08T04:33:37.715+0000] {logging_mixin.py:190} INFO - [2025-10-08T04:33:37.714+0000] {dagbag.py:588} INFO - Filling up the DagBag from /opt/airflow/dags/fraud_detection_training_dag.py
[2025-10-08T04:33:37.733+0000] {processor.py:925} INFO - DAG(s) 'fraud_detection_training' retrieved from /opt/airflow/dags/fraud_detection_training_dag.py
[2025-10-08T04:33:37.759+0000] {logging_mixin.py:190} INFO - [2025-10-08T04:33:37.759+0000] {taskinstance.py:3315} ERROR - {'DAG Id': 'fraud_detection_training', 'Task Id': 'execute_training', 'Run Id': 'manual__2025-10-08T04:30:38.557988+00:00', 'Hostname': '37d2d8c0d43e', 'External Executor Id': '2f008264-a704-4d08-a3c1-fb29c4e1760f'}
[2025-10-08T04:33:37.784+0000] {logging_mixin.py:190} INFO - [2025-10-08T04:33:37.784+0000] {taskinstance.py:1226} INFO - Marking task as FAILED. dag_id=fraud_detection_training, task_id=execute_training, run_id=manual__2025-10-08T04:30:38.557988+00:00, execution_date=20251008T043038, start_date=20251008T043043, end_date=20251008T043337
[2025-10-08T04:33:37.804+0000] {logging_mixin.py:190} INFO - [2025-10-08T04:33:37.803+0000] {processor.py:876} INFO - Executed callback for <TaskInstance: fraud_detection_training.execute_training manual__2025-10-08T04:30:38.557988+00:00 [failed]> in state failed
[2025-10-08T04:33:37.823+0000] {logging_mixin.py:190} INFO - [2025-10-08T04:33:37.823+0000] {dag.py:3239} INFO - Sync 1 DAGs
[2025-10-08T04:33:37.839+0000] {logging_mixin.py:190} INFO - [2025-10-08T04:33:37.838+0000] {dag.py:4180} INFO - Setting next_dagrun for fraud_detection_training to 2025-10-08 03:00:00+00:00, run_after=2025-10-09 03:00:00+00:00
[2025-10-08T04:33:37.846+0000] {processor.py:208} INFO - Processing /opt/airflow/dags/fraud_detection_training_dag.py took 0.155 seconds
[2025-10-08T04:34:08.065+0000] {processor.py:186} INFO - Started process (PID=128) to work on /opt/airflow/dags/fraud_detection_training_dag.py
[2025-10-08T04:34:08.068+0000] {processor.py:914} INFO - Processing file /opt/airflow/dags/fraud_detection_training_dag.py for tasks to queue
[2025-10-08T04:34:08.072+0000] {logging_mixin.py:190} INFO - [2025-10-08T04:34:08.071+0000] {dagbag.py:588} INFO - Filling up the DagBag from /opt/airflow/dags/fraud_detection_training_dag.py
[2025-10-08T04:34:08.093+0000] {processor.py:925} INFO - DAG(s) 'fraud_detection_training' retrieved from /opt/airflow/dags/fraud_detection_training_dag.py
[2025-10-08T04:34:08.122+0000] {logging_mixin.py:190} INFO - [2025-10-08T04:34:08.122+0000] {dag.py:3239} INFO - Sync 1 DAGs
[2025-10-08T04:34:08.141+0000] {logging_mixin.py:190} INFO - [2025-10-08T04:34:08.140+0000] {dag.py:4180} INFO - Setting next_dagrun for fraud_detection_training to 2025-10-08 03:00:00+00:00, run_after=2025-10-09 03:00:00+00:00
[2025-10-08T04:34:08.151+0000] {processor.py:208} INFO - Processing /opt/airflow/dags/fraud_detection_training_dag.py took 0.097 seconds
[2025-10-08T04:39:19.186+0000] {processor.py:186} INFO - Started process (PID=50) to work on /opt/airflow/dags/fraud_detection_training_dag.py
[2025-10-08T04:39:19.188+0000] {processor.py:914} INFO - Processing file /opt/airflow/dags/fraud_detection_training_dag.py for tasks to queue
[2025-10-08T04:39:19.189+0000] {logging_mixin.py:190} INFO - [2025-10-08T04:39:19.189+0000] {dagbag.py:588} INFO - Filling up the DagBag from /opt/airflow/dags/fraud_detection_training_dag.py
[2025-10-08T04:39:19.211+0000] {processor.py:925} INFO - DAG(s) 'fraud_detection_training' retrieved from /opt/airflow/dags/fraud_detection_training_dag.py
[2025-10-08T04:39:19.563+0000] {logging_mixin.py:190} INFO - [2025-10-08T04:39:19.562+0000] {override.py:1912} INFO - Created Permission View: can edit on DAG:fraud_detection_training
[2025-10-08T04:39:19.575+0000] {logging_mixin.py:190} INFO - [2025-10-08T04:39:19.575+0000] {override.py:1912} INFO - Created Permission View: can read on DAG:fraud_detection_training
[2025-10-08T04:39:19.584+0000] {logging_mixin.py:190} INFO - [2025-10-08T04:39:19.584+0000] {override.py:1912} INFO - Created Permission View: can delete on DAG:fraud_detection_training
[2025-10-08T04:39:19.593+0000] {logging_mixin.py:190} INFO - [2025-10-08T04:39:19.592+0000] {override.py:1912} INFO - Created Permission View: can create on DAG Run:fraud_detection_training
[2025-10-08T04:39:19.600+0000] {logging_mixin.py:190} INFO - [2025-10-08T04:39:19.599+0000] {override.py:1912} INFO - Created Permission View: menu access on DAG Run:fraud_detection_training
[2025-10-08T04:39:19.609+0000] {logging_mixin.py:190} INFO - [2025-10-08T04:39:19.608+0000] {override.py:1912} INFO - Created Permission View: can read on DAG Run:fraud_detection_training
[2025-10-08T04:39:19.617+0000] {logging_mixin.py:190} INFO - [2025-10-08T04:39:19.617+0000] {override.py:1912} INFO - Created Permission View: can delete on DAG Run:fraud_detection_training
[2025-10-08T04:39:19.618+0000] {logging_mixin.py:190} INFO - [2025-10-08T04:39:19.618+0000] {dag.py:3239} INFO - Sync 1 DAGs
[2025-10-08T04:39:19.629+0000] {logging_mixin.py:190} INFO - [2025-10-08T04:39:19.628+0000] {dag.py:3262} INFO - Creating ORM DAG for fraud_detection_training
[2025-10-08T04:39:19.635+0000] {logging_mixin.py:190} INFO - [2025-10-08T04:39:19.635+0000] {dag.py:4180} INFO - Setting next_dagrun for fraud_detection_training to 2025-10-07 03:00:00+00:00, run_after=2025-10-08 03:00:00+00:00
[2025-10-08T04:39:19.653+0000] {processor.py:208} INFO - Processing /opt/airflow/dags/fraud_detection_training_dag.py took 0.474 seconds
[2025-10-08T04:39:49.942+0000] {processor.py:186} INFO - Started process (PID=57) to work on /opt/airflow/dags/fraud_detection_training_dag.py
[2025-10-08T04:39:49.944+0000] {processor.py:914} INFO - Processing file /opt/airflow/dags/fraud_detection_training_dag.py for tasks to queue
[2025-10-08T04:39:49.948+0000] {logging_mixin.py:190} INFO - [2025-10-08T04:39:49.947+0000] {dagbag.py:588} INFO - Filling up the DagBag from /opt/airflow/dags/fraud_detection_training_dag.py
[2025-10-08T04:39:49.972+0000] {processor.py:925} INFO - DAG(s) 'fraud_detection_training' retrieved from /opt/airflow/dags/fraud_detection_training_dag.py
[2025-10-08T04:39:50.002+0000] {logging_mixin.py:190} INFO - [2025-10-08T04:39:50.001+0000] {dag.py:3239} INFO - Sync 1 DAGs
[2025-10-08T04:39:50.058+0000] {logging_mixin.py:190} INFO - [2025-10-08T04:39:50.057+0000] {dag.py:4180} INFO - Setting next_dagrun for fraud_detection_training to 2025-10-07 03:00:00+00:00, run_after=2025-10-08 03:00:00+00:00
[2025-10-08T04:39:50.106+0000] {processor.py:208} INFO - Processing /opt/airflow/dags/fraud_detection_training_dag.py took 0.175 seconds
[2025-10-08T04:40:20.273+0000] {processor.py:186} INFO - Started process (PID=72) to work on /opt/airflow/dags/fraud_detection_training_dag.py
[2025-10-08T04:40:20.274+0000] {processor.py:914} INFO - Processing file /opt/airflow/dags/fraud_detection_training_dag.py for tasks to queue
[2025-10-08T04:40:20.279+0000] {logging_mixin.py:190} INFO - [2025-10-08T04:40:20.278+0000] {dagbag.py:588} INFO - Filling up the DagBag from /opt/airflow/dags/fraud_detection_training_dag.py
[2025-10-08T04:40:20.325+0000] {processor.py:925} INFO - DAG(s) 'fraud_detection_training' retrieved from /opt/airflow/dags/fraud_detection_training_dag.py
[2025-10-08T04:40:20.369+0000] {logging_mixin.py:190} INFO - [2025-10-08T04:40:20.368+0000] {dag.py:3239} INFO - Sync 1 DAGs
[2025-10-08T04:40:20.414+0000] {logging_mixin.py:190} INFO - [2025-10-08T04:40:20.413+0000] {dag.py:4180} INFO - Setting next_dagrun for fraud_detection_training to 2025-10-08 03:00:00+00:00, run_after=2025-10-09 03:00:00+00:00
[2025-10-08T04:40:20.434+0000] {processor.py:208} INFO - Processing /opt/airflow/dags/fraud_detection_training_dag.py took 0.167 seconds
[2025-10-08T04:40:41.613+0000] {processor.py:186} INFO - Started process (PID=79) to work on /opt/airflow/dags/fraud_detection_training_dag.py
[2025-10-08T04:40:41.614+0000] {processor.py:914} INFO - Processing file /opt/airflow/dags/fraud_detection_training_dag.py for tasks to queue
[2025-10-08T04:40:41.616+0000] {logging_mixin.py:190} INFO - [2025-10-08T04:40:41.616+0000] {dagbag.py:588} INFO - Filling up the DagBag from /opt/airflow/dags/fraud_detection_training_dag.py
[2025-10-08T04:40:41.631+0000] {processor.py:925} INFO - DAG(s) 'fraud_detection_training' retrieved from /opt/airflow/dags/fraud_detection_training_dag.py
[2025-10-08T04:40:41.658+0000] {logging_mixin.py:190} INFO - [2025-10-08T04:40:41.657+0000] {taskinstance.py:3315} ERROR - {'DAG Id': 'fraud_detection_training', 'Task Id': 'execute_training', 'Run Id': 'manual__2025-10-08T04:39:52.490002+00:00', 'Hostname': 'eafa746e7f4d', 'External Executor Id': '4afa7fe8-b6fe-44b8-99ac-2b4909258d0a'}
[2025-10-08T04:40:41.677+0000] {logging_mixin.py:190} INFO - [2025-10-08T04:40:41.677+0000] {taskinstance.py:1226} INFO - Marking task as FAILED. dag_id=fraud_detection_training, task_id=execute_training, run_id=manual__2025-10-08T04:39:52.490002+00:00, execution_date=20251008T043952, start_date=20251008T043954, end_date=20251008T044041
[2025-10-08T04:40:41.698+0000] {logging_mixin.py:190} INFO - [2025-10-08T04:40:41.697+0000] {processor.py:876} INFO - Executed callback for <TaskInstance: fraud_detection_training.execute_training manual__2025-10-08T04:39:52.490002+00:00 [failed]> in state failed
[2025-10-08T04:40:41.710+0000] {logging_mixin.py:190} INFO - [2025-10-08T04:40:41.710+0000] {dag.py:3239} INFO - Sync 1 DAGs
[2025-10-08T04:40:41.719+0000] {logging_mixin.py:190} INFO - [2025-10-08T04:40:41.719+0000] {dag.py:4180} INFO - Setting next_dagrun for fraud_detection_training to 2025-10-08 03:00:00+00:00, run_after=2025-10-09 03:00:00+00:00
[2025-10-08T04:40:41.725+0000] {processor.py:208} INFO - Processing /opt/airflow/dags/fraud_detection_training_dag.py took 0.120 seconds
[2025-10-08T04:41:11.841+0000] {processor.py:186} INFO - Started process (PID=86) to work on /opt/airflow/dags/fraud_detection_training_dag.py
[2025-10-08T04:41:11.843+0000] {processor.py:914} INFO - Processing file /opt/airflow/dags/fraud_detection_training_dag.py for tasks to queue
[2025-10-08T04:41:11.851+0000] {logging_mixin.py:190} INFO - [2025-10-08T04:41:11.850+0000] {dagbag.py:588} INFO - Filling up the DagBag from /opt/airflow/dags/fraud_detection_training_dag.py
[2025-10-08T04:41:11.892+0000] {processor.py:925} INFO - DAG(s) 'fraud_detection_training' retrieved from /opt/airflow/dags/fraud_detection_training_dag.py
[2025-10-08T04:41:11.920+0000] {logging_mixin.py:190} INFO - [2025-10-08T04:41:11.920+0000] {dag.py:3239} INFO - Sync 1 DAGs
[2025-10-08T04:41:11.939+0000] {logging_mixin.py:190} INFO - [2025-10-08T04:41:11.939+0000] {dag.py:4180} INFO - Setting next_dagrun for fraud_detection_training to 2025-10-08 03:00:00+00:00, run_after=2025-10-09 03:00:00+00:00
[2025-10-08T04:41:11.950+0000] {processor.py:208} INFO - Processing /opt/airflow/dags/fraud_detection_training_dag.py took 0.116 seconds
[2025-10-08T04:41:42.279+0000] {processor.py:186} INFO - Started process (PID=93) to work on /opt/airflow/dags/fraud_detection_training_dag.py
[2025-10-08T04:41:42.284+0000] {processor.py:914} INFO - Processing file /opt/airflow/dags/fraud_detection_training_dag.py for tasks to queue
[2025-10-08T04:41:42.288+0000] {logging_mixin.py:190} INFO - [2025-10-08T04:41:42.288+0000] {dagbag.py:588} INFO - Filling up the DagBag from /opt/airflow/dags/fraud_detection_training_dag.py
[2025-10-08T04:41:42.309+0000] {processor.py:925} INFO - DAG(s) 'fraud_detection_training' retrieved from /opt/airflow/dags/fraud_detection_training_dag.py
[2025-10-08T04:41:42.343+0000] {logging_mixin.py:190} INFO - [2025-10-08T04:41:42.342+0000] {dag.py:3239} INFO - Sync 1 DAGs
[2025-10-08T04:41:42.358+0000] {logging_mixin.py:190} INFO - [2025-10-08T04:41:42.358+0000] {dag.py:4180} INFO - Setting next_dagrun for fraud_detection_training to 2025-10-08 03:00:00+00:00, run_after=2025-10-09 03:00:00+00:00
[2025-10-08T04:41:42.371+0000] {processor.py:208} INFO - Processing /opt/airflow/dags/fraud_detection_training_dag.py took 0.114 seconds
[2025-10-08T04:42:12.571+0000] {processor.py:186} INFO - Started process (PID=100) to work on /opt/airflow/dags/fraud_detection_training_dag.py
[2025-10-08T04:42:12.573+0000] {processor.py:914} INFO - Processing file /opt/airflow/dags/fraud_detection_training_dag.py for tasks to queue
[2025-10-08T04:42:12.577+0000] {logging_mixin.py:190} INFO - [2025-10-08T04:42:12.576+0000] {dagbag.py:588} INFO - Filling up the DagBag from /opt/airflow/dags/fraud_detection_training_dag.py
[2025-10-08T04:42:12.604+0000] {processor.py:925} INFO - DAG(s) 'fraud_detection_training' retrieved from /opt/airflow/dags/fraud_detection_training_dag.py
[2025-10-08T04:42:12.640+0000] {logging_mixin.py:190} INFO - [2025-10-08T04:42:12.640+0000] {dag.py:3239} INFO - Sync 1 DAGs
[2025-10-08T04:42:12.658+0000] {logging_mixin.py:190} INFO - [2025-10-08T04:42:12.658+0000] {dag.py:4180} INFO - Setting next_dagrun for fraud_detection_training to 2025-10-08 03:00:00+00:00, run_after=2025-10-09 03:00:00+00:00
[2025-10-08T04:42:12.671+0000] {processor.py:208} INFO - Processing /opt/airflow/dags/fraud_detection_training_dag.py took 0.108 seconds
[2025-10-08T04:42:42.925+0000] {processor.py:186} INFO - Started process (PID=107) to work on /opt/airflow/dags/fraud_detection_training_dag.py
[2025-10-08T04:42:42.927+0000] {processor.py:914} INFO - Processing file /opt/airflow/dags/fraud_detection_training_dag.py for tasks to queue
[2025-10-08T04:42:42.931+0000] {logging_mixin.py:190} INFO - [2025-10-08T04:42:42.930+0000] {dagbag.py:588} INFO - Filling up the DagBag from /opt/airflow/dags/fraud_detection_training_dag.py
[2025-10-08T04:42:42.948+0000] {processor.py:925} INFO - DAG(s) 'fraud_detection_training' retrieved from /opt/airflow/dags/fraud_detection_training_dag.py
[2025-10-08T04:42:42.982+0000] {logging_mixin.py:190} INFO - [2025-10-08T04:42:42.982+0000] {dag.py:3239} INFO - Sync 1 DAGs
[2025-10-08T04:42:42.997+0000] {logging_mixin.py:190} INFO - [2025-10-08T04:42:42.997+0000] {dag.py:4180} INFO - Setting next_dagrun for fraud_detection_training to 2025-10-08 03:00:00+00:00, run_after=2025-10-09 03:00:00+00:00
[2025-10-08T04:42:43.007+0000] {processor.py:208} INFO - Processing /opt/airflow/dags/fraud_detection_training_dag.py took 0.095 seconds
[2025-10-08T04:43:13.193+0000] {processor.py:186} INFO - Started process (PID=114) to work on /opt/airflow/dags/fraud_detection_training_dag.py
[2025-10-08T04:43:13.195+0000] {processor.py:914} INFO - Processing file /opt/airflow/dags/fraud_detection_training_dag.py for tasks to queue
[2025-10-08T04:43:13.205+0000] {logging_mixin.py:190} INFO - [2025-10-08T04:43:13.204+0000] {dagbag.py:588} INFO - Filling up the DagBag from /opt/airflow/dags/fraud_detection_training_dag.py
[2025-10-08T04:43:13.223+0000] {processor.py:925} INFO - DAG(s) 'fraud_detection_training' retrieved from /opt/airflow/dags/fraud_detection_training_dag.py
[2025-10-08T04:43:13.248+0000] {logging_mixin.py:190} INFO - [2025-10-08T04:43:13.247+0000] {dag.py:3239} INFO - Sync 1 DAGs
[2025-10-08T04:43:13.265+0000] {logging_mixin.py:190} INFO - [2025-10-08T04:43:13.265+0000] {dag.py:4180} INFO - Setting next_dagrun for fraud_detection_training to 2025-10-08 03:00:00+00:00, run_after=2025-10-09 03:00:00+00:00
[2025-10-08T04:43:13.275+0000] {processor.py:208} INFO - Processing /opt/airflow/dags/fraud_detection_training_dag.py took 0.091 seconds
[2025-10-08T04:43:43.468+0000] {processor.py:186} INFO - Started process (PID=121) to work on /opt/airflow/dags/fraud_detection_training_dag.py
[2025-10-08T04:43:43.470+0000] {processor.py:914} INFO - Processing file /opt/airflow/dags/fraud_detection_training_dag.py for tasks to queue
[2025-10-08T04:43:43.472+0000] {logging_mixin.py:190} INFO - [2025-10-08T04:43:43.472+0000] {dagbag.py:588} INFO - Filling up the DagBag from /opt/airflow/dags/fraud_detection_training_dag.py
[2025-10-08T04:43:43.485+0000] {processor.py:925} INFO - DAG(s) 'fraud_detection_training' retrieved from /opt/airflow/dags/fraud_detection_training_dag.py
[2025-10-08T04:43:43.618+0000] {logging_mixin.py:190} INFO - [2025-10-08T04:43:43.617+0000] {dag.py:3239} INFO - Sync 1 DAGs
[2025-10-08T04:43:43.703+0000] {logging_mixin.py:190} INFO - [2025-10-08T04:43:43.702+0000] {dag.py:4180} INFO - Setting next_dagrun for fraud_detection_training to 2025-10-08 03:00:00+00:00, run_after=2025-10-09 03:00:00+00:00
[2025-10-08T04:43:43.718+0000] {processor.py:208} INFO - Processing /opt/airflow/dags/fraud_detection_training_dag.py took 0.256 seconds
[2025-10-08T04:44:13.884+0000] {processor.py:186} INFO - Started process (PID=128) to work on /opt/airflow/dags/fraud_detection_training_dag.py
[2025-10-08T04:44:13.885+0000] {processor.py:914} INFO - Processing file /opt/airflow/dags/fraud_detection_training_dag.py for tasks to queue
[2025-10-08T04:44:13.889+0000] {logging_mixin.py:190} INFO - [2025-10-08T04:44:13.889+0000] {dagbag.py:588} INFO - Filling up the DagBag from /opt/airflow/dags/fraud_detection_training_dag.py
[2025-10-08T04:44:13.906+0000] {processor.py:925} INFO - DAG(s) 'fraud_detection_training' retrieved from /opt/airflow/dags/fraud_detection_training_dag.py
[2025-10-08T04:44:13.931+0000] {logging_mixin.py:190} INFO - [2025-10-08T04:44:13.931+0000] {dag.py:3239} INFO - Sync 1 DAGs
[2025-10-08T04:44:13.954+0000] {logging_mixin.py:190} INFO - [2025-10-08T04:44:13.954+0000] {dag.py:4180} INFO - Setting next_dagrun for fraud_detection_training to 2025-10-08 03:00:00+00:00, run_after=2025-10-09 03:00:00+00:00
[2025-10-08T04:44:13.963+0000] {processor.py:208} INFO - Processing /opt/airflow/dags/fraud_detection_training_dag.py took 0.089 seconds
[2025-10-08T04:44:44.267+0000] {processor.py:186} INFO - Started process (PID=135) to work on /opt/airflow/dags/fraud_detection_training_dag.py
[2025-10-08T04:44:44.269+0000] {processor.py:914} INFO - Processing file /opt/airflow/dags/fraud_detection_training_dag.py for tasks to queue
[2025-10-08T04:44:44.272+0000] {logging_mixin.py:190} INFO - [2025-10-08T04:44:44.271+0000] {dagbag.py:588} INFO - Filling up the DagBag from /opt/airflow/dags/fraud_detection_training_dag.py
[2025-10-08T04:44:44.299+0000] {processor.py:925} INFO - DAG(s) 'fraud_detection_training' retrieved from /opt/airflow/dags/fraud_detection_training_dag.py
[2025-10-08T04:44:44.354+0000] {logging_mixin.py:190} INFO - [2025-10-08T04:44:44.353+0000] {dag.py:3239} INFO - Sync 1 DAGs
[2025-10-08T04:44:44.379+0000] {logging_mixin.py:190} INFO - [2025-10-08T04:44:44.379+0000] {dag.py:4180} INFO - Setting next_dagrun for fraud_detection_training to 2025-10-08 03:00:00+00:00, run_after=2025-10-09 03:00:00+00:00
[2025-10-08T04:44:44.396+0000] {processor.py:208} INFO - Processing /opt/airflow/dags/fraud_detection_training_dag.py took 0.138 seconds
[2025-10-08T04:44:52.574+0000] {processor.py:186} INFO - Started process (PID=142) to work on /opt/airflow/dags/fraud_detection_training_dag.py
[2025-10-08T04:44:52.575+0000] {processor.py:914} INFO - Processing file /opt/airflow/dags/fraud_detection_training_dag.py for tasks to queue
[2025-10-08T04:44:52.578+0000] {logging_mixin.py:190} INFO - [2025-10-08T04:44:52.578+0000] {dagbag.py:588} INFO - Filling up the DagBag from /opt/airflow/dags/fraud_detection_training_dag.py
[2025-10-08T04:44:52.602+0000] {processor.py:925} INFO - DAG(s) 'fraud_detection_training' retrieved from /opt/airflow/dags/fraud_detection_training_dag.py
[2025-10-08T04:44:52.634+0000] {logging_mixin.py:190} INFO - [2025-10-08T04:44:52.633+0000] {taskinstance.py:3315} ERROR - {'DAG Id': 'fraud_detection_training', 'Task Id': 'execute_training', 'Run Id': 'manual__2025-10-08T04:43:17.563873+00:00', 'Hostname': 'eafa746e7f4d', 'External Executor Id': '86046116-b6b9-4ce3-a9f2-e38e8ef78be8'}
[2025-10-08T04:44:52.660+0000] {logging_mixin.py:190} INFO - [2025-10-08T04:44:52.660+0000] {taskinstance.py:1226} INFO - Marking task as FAILED. dag_id=fraud_detection_training, task_id=execute_training, run_id=manual__2025-10-08T04:43:17.563873+00:00, execution_date=20251008T044317, start_date=20251008T044319, end_date=20251008T044452
[2025-10-08T04:44:52.675+0000] {logging_mixin.py:190} INFO - [2025-10-08T04:44:52.674+0000] {processor.py:876} INFO - Executed callback for <TaskInstance: fraud_detection_training.execute_training manual__2025-10-08T04:43:17.563873+00:00 [failed]> in state failed
[2025-10-08T04:44:52.690+0000] {logging_mixin.py:190} INFO - [2025-10-08T04:44:52.690+0000] {dag.py:3239} INFO - Sync 1 DAGs
[2025-10-08T04:44:52.701+0000] {logging_mixin.py:190} INFO - [2025-10-08T04:44:52.701+0000] {dag.py:4180} INFO - Setting next_dagrun for fraud_detection_training to 2025-10-08 03:00:00+00:00, run_after=2025-10-09 03:00:00+00:00
[2025-10-08T04:44:52.715+0000] {processor.py:208} INFO - Processing /opt/airflow/dags/fraud_detection_training_dag.py took 0.159 seconds
[2025-10-08T04:45:22.872+0000] {processor.py:186} INFO - Started process (PID=149) to work on /opt/airflow/dags/fraud_detection_training_dag.py
[2025-10-08T04:45:22.874+0000] {processor.py:914} INFO - Processing file /opt/airflow/dags/fraud_detection_training_dag.py for tasks to queue
[2025-10-08T04:45:22.878+0000] {logging_mixin.py:190} INFO - [2025-10-08T04:45:22.877+0000] {dagbag.py:588} INFO - Filling up the DagBag from /opt/airflow/dags/fraud_detection_training_dag.py
[2025-10-08T04:45:22.894+0000] {processor.py:925} INFO - DAG(s) 'fraud_detection_training' retrieved from /opt/airflow/dags/fraud_detection_training_dag.py
[2025-10-08T04:45:22.932+0000] {logging_mixin.py:190} INFO - [2025-10-08T04:45:22.932+0000] {dag.py:3239} INFO - Sync 1 DAGs
[2025-10-08T04:45:22.952+0000] {logging_mixin.py:190} INFO - [2025-10-08T04:45:22.952+0000] {dag.py:4180} INFO - Setting next_dagrun for fraud_detection_training to 2025-10-08 03:00:00+00:00, run_after=2025-10-09 03:00:00+00:00
[2025-10-08T04:45:22.966+0000] {processor.py:208} INFO - Processing /opt/airflow/dags/fraud_detection_training_dag.py took 0.103 seconds
[2025-10-08T04:45:53.220+0000] {processor.py:186} INFO - Started process (PID=156) to work on /opt/airflow/dags/fraud_detection_training_dag.py
[2025-10-08T04:45:53.221+0000] {processor.py:914} INFO - Processing file /opt/airflow/dags/fraud_detection_training_dag.py for tasks to queue
[2025-10-08T04:45:53.224+0000] {logging_mixin.py:190} INFO - [2025-10-08T04:45:53.223+0000] {dagbag.py:588} INFO - Filling up the DagBag from /opt/airflow/dags/fraud_detection_training_dag.py
[2025-10-08T04:45:53.235+0000] {processor.py:925} INFO - DAG(s) 'fraud_detection_training' retrieved from /opt/airflow/dags/fraud_detection_training_dag.py
[2025-10-08T04:45:53.251+0000] {logging_mixin.py:190} INFO - [2025-10-08T04:45:53.251+0000] {dag.py:3239} INFO - Sync 1 DAGs
[2025-10-08T04:45:53.262+0000] {logging_mixin.py:190} INFO - [2025-10-08T04:45:53.262+0000] {dag.py:4180} INFO - Setting next_dagrun for fraud_detection_training to 2025-10-08 03:00:00+00:00, run_after=2025-10-09 03:00:00+00:00
[2025-10-08T04:45:53.271+0000] {processor.py:208} INFO - Processing /opt/airflow/dags/fraud_detection_training_dag.py took 0.056 seconds
[2025-10-08T04:46:23.530+0000] {processor.py:186} INFO - Started process (PID=163) to work on /opt/airflow/dags/fraud_detection_training_dag.py
[2025-10-08T04:46:23.532+0000] {processor.py:914} INFO - Processing file /opt/airflow/dags/fraud_detection_training_dag.py for tasks to queue
[2025-10-08T04:46:23.536+0000] {logging_mixin.py:190} INFO - [2025-10-08T04:46:23.535+0000] {dagbag.py:588} INFO - Filling up the DagBag from /opt/airflow/dags/fraud_detection_training_dag.py
[2025-10-08T04:46:23.551+0000] {processor.py:925} INFO - DAG(s) 'fraud_detection_training' retrieved from /opt/airflow/dags/fraud_detection_training_dag.py
[2025-10-08T04:46:23.570+0000] {logging_mixin.py:190} INFO - [2025-10-08T04:46:23.570+0000] {dag.py:3239} INFO - Sync 1 DAGs
[2025-10-08T04:46:23.581+0000] {logging_mixin.py:190} INFO - [2025-10-08T04:46:23.581+0000] {dag.py:4180} INFO - Setting next_dagrun for fraud_detection_training to 2025-10-08 03:00:00+00:00, run_after=2025-10-09 03:00:00+00:00
[2025-10-08T04:46:23.596+0000] {processor.py:208} INFO - Processing /opt/airflow/dags/fraud_detection_training_dag.py took 0.073 seconds
[2025-10-08T04:46:53.829+0000] {processor.py:186} INFO - Started process (PID=170) to work on /opt/airflow/dags/fraud_detection_training_dag.py
[2025-10-08T04:46:53.830+0000] {processor.py:914} INFO - Processing file /opt/airflow/dags/fraud_detection_training_dag.py for tasks to queue
[2025-10-08T04:46:53.833+0000] {logging_mixin.py:190} INFO - [2025-10-08T04:46:53.832+0000] {dagbag.py:588} INFO - Filling up the DagBag from /opt/airflow/dags/fraud_detection_training_dag.py
[2025-10-08T04:46:53.850+0000] {processor.py:925} INFO - DAG(s) 'fraud_detection_training' retrieved from /opt/airflow/dags/fraud_detection_training_dag.py
[2025-10-08T04:46:53.890+0000] {logging_mixin.py:190} INFO - [2025-10-08T04:46:53.889+0000] {dag.py:3239} INFO - Sync 1 DAGs
[2025-10-08T04:46:53.904+0000] {logging_mixin.py:190} INFO - [2025-10-08T04:46:53.904+0000] {dag.py:4180} INFO - Setting next_dagrun for fraud_detection_training to 2025-10-08 03:00:00+00:00, run_after=2025-10-09 03:00:00+00:00
[2025-10-08T04:46:53.914+0000] {processor.py:208} INFO - Processing /opt/airflow/dags/fraud_detection_training_dag.py took 0.094 seconds
[2025-10-08T04:47:24.128+0000] {processor.py:186} INFO - Started process (PID=177) to work on /opt/airflow/dags/fraud_detection_training_dag.py
[2025-10-08T04:47:24.130+0000] {processor.py:914} INFO - Processing file /opt/airflow/dags/fraud_detection_training_dag.py for tasks to queue
[2025-10-08T04:47:24.133+0000] {logging_mixin.py:190} INFO - [2025-10-08T04:47:24.132+0000] {dagbag.py:588} INFO - Filling up the DagBag from /opt/airflow/dags/fraud_detection_training_dag.py
[2025-10-08T04:47:24.202+0000] {processor.py:925} INFO - DAG(s) 'fraud_detection_training' retrieved from /opt/airflow/dags/fraud_detection_training_dag.py
[2025-10-08T04:47:24.238+0000] {logging_mixin.py:190} INFO - [2025-10-08T04:47:24.238+0000] {dag.py:3239} INFO - Sync 1 DAGs
[2025-10-08T04:47:24.254+0000] {logging_mixin.py:190} INFO - [2025-10-08T04:47:24.254+0000] {dag.py:4180} INFO - Setting next_dagrun for fraud_detection_training to 2025-10-08 03:00:00+00:00, run_after=2025-10-09 03:00:00+00:00
[2025-10-08T04:47:24.268+0000] {processor.py:208} INFO - Processing /opt/airflow/dags/fraud_detection_training_dag.py took 0.145 seconds
[2025-10-08T04:47:54.431+0000] {processor.py:186} INFO - Started process (PID=184) to work on /opt/airflow/dags/fraud_detection_training_dag.py
[2025-10-08T04:47:54.433+0000] {processor.py:914} INFO - Processing file /opt/airflow/dags/fraud_detection_training_dag.py for tasks to queue
[2025-10-08T04:47:54.438+0000] {logging_mixin.py:190} INFO - [2025-10-08T04:47:54.437+0000] {dagbag.py:588} INFO - Filling up the DagBag from /opt/airflow/dags/fraud_detection_training_dag.py
[2025-10-08T04:47:54.460+0000] {processor.py:925} INFO - DAG(s) 'fraud_detection_training' retrieved from /opt/airflow/dags/fraud_detection_training_dag.py
[2025-10-08T04:47:54.486+0000] {logging_mixin.py:190} INFO - [2025-10-08T04:47:54.486+0000] {dag.py:3239} INFO - Sync 1 DAGs
[2025-10-08T04:47:54.507+0000] {logging_mixin.py:190} INFO - [2025-10-08T04:47:54.507+0000] {dag.py:4180} INFO - Setting next_dagrun for fraud_detection_training to 2025-10-08 03:00:00+00:00, run_after=2025-10-09 03:00:00+00:00
[2025-10-08T04:47:54.518+0000] {processor.py:208} INFO - Processing /opt/airflow/dags/fraud_detection_training_dag.py took 0.101 seconds
[2025-10-08T04:48:24.786+0000] {processor.py:186} INFO - Started process (PID=191) to work on /opt/airflow/dags/fraud_detection_training_dag.py
[2025-10-08T04:48:24.787+0000] {processor.py:914} INFO - Processing file /opt/airflow/dags/fraud_detection_training_dag.py for tasks to queue
[2025-10-08T04:48:24.790+0000] {logging_mixin.py:190} INFO - [2025-10-08T04:48:24.789+0000] {dagbag.py:588} INFO - Filling up the DagBag from /opt/airflow/dags/fraud_detection_training_dag.py
[2025-10-08T04:48:24.809+0000] {processor.py:925} INFO - DAG(s) 'fraud_detection_training' retrieved from /opt/airflow/dags/fraud_detection_training_dag.py
[2025-10-08T04:48:24.830+0000] {logging_mixin.py:190} INFO - [2025-10-08T04:48:24.829+0000] {dag.py:3239} INFO - Sync 1 DAGs
[2025-10-08T04:48:24.844+0000] {logging_mixin.py:190} INFO - [2025-10-08T04:48:24.844+0000] {dag.py:4180} INFO - Setting next_dagrun for fraud_detection_training to 2025-10-08 03:00:00+00:00, run_after=2025-10-09 03:00:00+00:00
[2025-10-08T04:48:24.856+0000] {processor.py:208} INFO - Processing /opt/airflow/dags/fraud_detection_training_dag.py took 0.075 seconds
[2025-10-08T04:48:55.156+0000] {processor.py:186} INFO - Started process (PID=198) to work on /opt/airflow/dags/fraud_detection_training_dag.py
[2025-10-08T04:48:55.158+0000] {processor.py:914} INFO - Processing file /opt/airflow/dags/fraud_detection_training_dag.py for tasks to queue
[2025-10-08T04:48:55.168+0000] {logging_mixin.py:190} INFO - [2025-10-08T04:48:55.168+0000] {dagbag.py:588} INFO - Filling up the DagBag from /opt/airflow/dags/fraud_detection_training_dag.py
[2025-10-08T04:48:55.193+0000] {processor.py:925} INFO - DAG(s) 'fraud_detection_training' retrieved from /opt/airflow/dags/fraud_detection_training_dag.py
[2025-10-08T04:48:55.212+0000] {logging_mixin.py:190} INFO - [2025-10-08T04:48:55.212+0000] {dag.py:3239} INFO - Sync 1 DAGs
[2025-10-08T04:48:55.226+0000] {logging_mixin.py:190} INFO - [2025-10-08T04:48:55.226+0000] {dag.py:4180} INFO - Setting next_dagrun for fraud_detection_training to 2025-10-08 03:00:00+00:00, run_after=2025-10-09 03:00:00+00:00
[2025-10-08T04:48:55.234+0000] {processor.py:208} INFO - Processing /opt/airflow/dags/fraud_detection_training_dag.py took 0.085 seconds
[2025-10-08T04:49:25.499+0000] {processor.py:186} INFO - Started process (PID=205) to work on /opt/airflow/dags/fraud_detection_training_dag.py
[2025-10-08T04:49:25.500+0000] {processor.py:914} INFO - Processing file /opt/airflow/dags/fraud_detection_training_dag.py for tasks to queue
[2025-10-08T04:49:25.503+0000] {logging_mixin.py:190} INFO - [2025-10-08T04:49:25.502+0000] {dagbag.py:588} INFO - Filling up the DagBag from /opt/airflow/dags/fraud_detection_training_dag.py
[2025-10-08T04:49:25.515+0000] {processor.py:925} INFO - DAG(s) 'fraud_detection_training' retrieved from /opt/airflow/dags/fraud_detection_training_dag.py
[2025-10-08T04:49:25.546+0000] {logging_mixin.py:190} INFO - [2025-10-08T04:49:25.545+0000] {dag.py:3239} INFO - Sync 1 DAGs
[2025-10-08T04:49:25.562+0000] {logging_mixin.py:190} INFO - [2025-10-08T04:49:25.561+0000] {dag.py:4180} INFO - Setting next_dagrun for fraud_detection_training to 2025-10-08 03:00:00+00:00, run_after=2025-10-09 03:00:00+00:00
[2025-10-08T04:49:25.573+0000] {processor.py:208} INFO - Processing /opt/airflow/dags/fraud_detection_training_dag.py took 0.078 seconds
[2025-10-08T04:49:55.816+0000] {processor.py:186} INFO - Started process (PID=212) to work on /opt/airflow/dags/fraud_detection_training_dag.py
[2025-10-08T04:49:55.818+0000] {processor.py:914} INFO - Processing file /opt/airflow/dags/fraud_detection_training_dag.py for tasks to queue
[2025-10-08T04:49:55.822+0000] {logging_mixin.py:190} INFO - [2025-10-08T04:49:55.821+0000] {dagbag.py:588} INFO - Filling up the DagBag from /opt/airflow/dags/fraud_detection_training_dag.py
[2025-10-08T04:49:55.834+0000] {processor.py:925} INFO - DAG(s) 'fraud_detection_training' retrieved from /opt/airflow/dags/fraud_detection_training_dag.py
[2025-10-08T04:49:55.868+0000] {logging_mixin.py:190} INFO - [2025-10-08T04:49:55.868+0000] {dag.py:3239} INFO - Sync 1 DAGs
[2025-10-08T04:49:55.883+0000] {logging_mixin.py:190} INFO - [2025-10-08T04:49:55.883+0000] {dag.py:4180} INFO - Setting next_dagrun for fraud_detection_training to 2025-10-08 03:00:00+00:00, run_after=2025-10-09 03:00:00+00:00
[2025-10-08T04:49:55.892+0000] {processor.py:208} INFO - Processing /opt/airflow/dags/fraud_detection_training_dag.py took 0.085 seconds
[2025-10-08T04:50:26.141+0000] {processor.py:186} INFO - Started process (PID=219) to work on /opt/airflow/dags/fraud_detection_training_dag.py
[2025-10-08T04:50:26.143+0000] {processor.py:914} INFO - Processing file /opt/airflow/dags/fraud_detection_training_dag.py for tasks to queue
[2025-10-08T04:50:26.148+0000] {logging_mixin.py:190} INFO - [2025-10-08T04:50:26.148+0000] {dagbag.py:588} INFO - Filling up the DagBag from /opt/airflow/dags/fraud_detection_training_dag.py
[2025-10-08T04:50:26.168+0000] {processor.py:925} INFO - DAG(s) 'fraud_detection_training' retrieved from /opt/airflow/dags/fraud_detection_training_dag.py
[2025-10-08T04:50:26.202+0000] {logging_mixin.py:190} INFO - [2025-10-08T04:50:26.202+0000] {dag.py:3239} INFO - Sync 1 DAGs
[2025-10-08T04:50:26.220+0000] {logging_mixin.py:190} INFO - [2025-10-08T04:50:26.220+0000] {dag.py:4180} INFO - Setting next_dagrun for fraud_detection_training to 2025-10-08 03:00:00+00:00, run_after=2025-10-09 03:00:00+00:00
[2025-10-08T04:50:26.230+0000] {processor.py:208} INFO - Processing /opt/airflow/dags/fraud_detection_training_dag.py took 0.101 seconds
[2025-10-08T04:50:56.390+0000] {processor.py:186} INFO - Started process (PID=227) to work on /opt/airflow/dags/fraud_detection_training_dag.py
[2025-10-08T04:50:56.393+0000] {processor.py:914} INFO - Processing file /opt/airflow/dags/fraud_detection_training_dag.py for tasks to queue
[2025-10-08T04:50:56.405+0000] {logging_mixin.py:190} INFO - [2025-10-08T04:50:56.405+0000] {dagbag.py:588} INFO - Filling up the DagBag from /opt/airflow/dags/fraud_detection_training_dag.py
[2025-10-08T04:50:56.429+0000] {processor.py:925} INFO - DAG(s) 'fraud_detection_training' retrieved from /opt/airflow/dags/fraud_detection_training_dag.py
[2025-10-08T04:50:56.475+0000] {logging_mixin.py:190} INFO - [2025-10-08T04:50:56.475+0000] {dag.py:3239} INFO - Sync 1 DAGs
[2025-10-08T04:50:56.509+0000] {logging_mixin.py:190} INFO - [2025-10-08T04:50:56.509+0000] {dag.py:4180} INFO - Setting next_dagrun for fraud_detection_training to 2025-10-08 03:00:00+00:00, run_after=2025-10-09 03:00:00+00:00
[2025-10-08T04:50:56.523+0000] {processor.py:208} INFO - Processing /opt/airflow/dags/fraud_detection_training_dag.py took 0.140 seconds
[2025-10-08T04:51:26.779+0000] {processor.py:186} INFO - Started process (PID=234) to work on /opt/airflow/dags/fraud_detection_training_dag.py
[2025-10-08T04:51:26.781+0000] {processor.py:914} INFO - Processing file /opt/airflow/dags/fraud_detection_training_dag.py for tasks to queue
[2025-10-08T04:51:26.786+0000] {logging_mixin.py:190} INFO - [2025-10-08T04:51:26.786+0000] {dagbag.py:588} INFO - Filling up the DagBag from /opt/airflow/dags/fraud_detection_training_dag.py
[2025-10-08T04:51:26.824+0000] {processor.py:925} INFO - DAG(s) 'fraud_detection_training' retrieved from /opt/airflow/dags/fraud_detection_training_dag.py
[2025-10-08T04:51:26.853+0000] {logging_mixin.py:190} INFO - [2025-10-08T04:51:26.853+0000] {dag.py:3239} INFO - Sync 1 DAGs
[2025-10-08T04:51:26.882+0000] {logging_mixin.py:190} INFO - [2025-10-08T04:51:26.882+0000] {dag.py:4180} INFO - Setting next_dagrun for fraud_detection_training to 2025-10-08 03:00:00+00:00, run_after=2025-10-09 03:00:00+00:00
[2025-10-08T04:51:26.893+0000] {processor.py:208} INFO - Processing /opt/airflow/dags/fraud_detection_training_dag.py took 0.121 seconds
