[2025-10-08T04:31:24.110+0000] {local_task_job_runner.py:123} INFO - ::group::Pre task execution logs
[2025-10-08T04:31:24.129+0000] {taskinstance.py:2614} INFO - Dependencies all met for dep_context=non-requeueable deps ti=<TaskInstance: fraud_detection_training.cleanup_resources scheduled__2025-10-07T03:00:00+00:00 [queued]>
[2025-10-08T04:31:24.134+0000] {taskinstance.py:2614} INFO - Dependencies all met for dep_context=requeueable deps ti=<TaskInstance: fraud_detection_training.cleanup_resources scheduled__2025-10-07T03:00:00+00:00 [queued]>
[2025-10-08T04:31:24.134+0000] {taskinstance.py:2867} INFO - Starting attempt 1 of 1
[2025-10-08T04:31:24.141+0000] {taskinstance.py:2890} INFO - Executing <Task(BashOperator): cleanup_resources> on 2025-10-07 03:00:00+00:00
[2025-10-08T04:31:24.160+0000] {warnings.py:112} WARNING - /home/***/.local/lib/python3.12/site-packages/***/task/task_runner/standard_task_runner.py:70: DeprecationWarning: This process (pid=108) is multi-threaded, use of fork() may lead to deadlocks in the child.
  pid = os.fork()

[2025-10-08T04:31:24.163+0000] {standard_task_runner.py:72} INFO - Started process 109 to run task
[2025-10-08T04:31:24.162+0000] {standard_task_runner.py:104} INFO - Running: ['***', 'tasks', 'run', 'fraud_detection_training', 'cleanup_resources', 'scheduled__2025-10-07T03:00:00+00:00', '--job-id', '35', '--raw', '--subdir', 'DAGS_FOLDER/fraud_detection_training_dag.py', '--cfg-path', '/tmp/tmpi7qf2d6_']
[2025-10-08T04:31:24.164+0000] {standard_task_runner.py:105} INFO - Job 35: Subtask cleanup_resources
[2025-10-08T04:31:24.229+0000] {task_command.py:467} INFO - Running <TaskInstance: fraud_detection_training.cleanup_resources scheduled__2025-10-07T03:00:00+00:00 [running]> on host c18ef9c19755
[2025-10-08T04:31:24.297+0000] {taskinstance.py:3134} INFO - Exporting env vars: AIRFLOW_CTX_DAG_OWNER='datamasterylab.com' AIRFLOW_CTX_DAG_ID='fraud_detection_training' AIRFLOW_CTX_TASK_ID='cleanup_resources' AIRFLOW_CTX_EXECUTION_DATE='2025-10-07T03:00:00+00:00' AIRFLOW_CTX_TRY_NUMBER='1' AIRFLOW_CTX_DAG_RUN_ID='scheduled__2025-10-07T03:00:00+00:00'
[2025-10-08T04:31:24.298+0000] {taskinstance.py:732} INFO - ::endgroup::
[2025-10-08T04:31:24.321+0000] {subprocess.py:78} INFO - Tmp dir root location: /tmp
[2025-10-08T04:31:24.324+0000] {subprocess.py:88} INFO - Running command: ['/usr/bin/bash', '-c', 'rm -f /app/tmp/*.pkl']
[2025-10-08T04:31:24.340+0000] {subprocess.py:99} INFO - Output:
[2025-10-08T04:31:24.352+0000] {subprocess.py:110} INFO - Command exited with return code 0
[2025-10-08T04:31:24.376+0000] {taskinstance.py:341} INFO - ::group::Post task execution logs
[2025-10-08T04:31:24.376+0000] {taskinstance.py:353} INFO - Marking task as SUCCESS. dag_id=fraud_detection_training, task_id=cleanup_resources, run_id=scheduled__2025-10-07T03:00:00+00:00, execution_date=20251007T030000, start_date=20251008T043124, end_date=20251008T043124
[2025-10-08T04:31:24.428+0000] {local_task_job_runner.py:266} INFO - Task exited with return code 0
[2025-10-08T04:31:24.439+0000] {taskinstance.py:3901} INFO - 0 downstream tasks scheduled from follow-on schedule check
[2025-10-08T04:31:24.439+0000] {local_task_job_runner.py:245} INFO - ::endgroup::
[2025-10-08T04:41:25.423+0000] {local_task_job_runner.py:123} INFO - ::group::Pre task execution logs
[2025-10-08T04:41:25.433+0000] {taskinstance.py:2614} INFO - Dependencies all met for dep_context=non-requeueable deps ti=<TaskInstance: fraud_detection_training.cleanup_resources scheduled__2025-10-07T03:00:00+00:00 [queued]>
[2025-10-08T04:41:25.436+0000] {taskinstance.py:2614} INFO - Dependencies all met for dep_context=requeueable deps ti=<TaskInstance: fraud_detection_training.cleanup_resources scheduled__2025-10-07T03:00:00+00:00 [queued]>
[2025-10-08T04:41:25.436+0000] {taskinstance.py:2867} INFO - Starting attempt 1 of 1
[2025-10-08T04:41:25.440+0000] {taskinstance.py:2890} INFO - Executing <Task(BashOperator): cleanup_resources> on 2025-10-07 03:00:00+00:00
[2025-10-08T04:41:25.443+0000] {warnings.py:112} WARNING - /home/***/.local/lib/python3.12/site-packages/***/task/task_runner/standard_task_runner.py:70: DeprecationWarning: This process (pid=117) is multi-threaded, use of fork() may lead to deadlocks in the child.
  pid = os.fork()

[2025-10-08T04:41:25.444+0000] {standard_task_runner.py:72} INFO - Started process 118 to run task
[2025-10-08T04:41:25.444+0000] {standard_task_runner.py:104} INFO - Running: ['***', 'tasks', 'run', 'fraud_detection_training', 'cleanup_resources', 'scheduled__2025-10-07T03:00:00+00:00', '--job-id', '8', '--raw', '--subdir', 'DAGS_FOLDER/fraud_detection_training_dag.py', '--cfg-path', '/tmp/tmphryl5hbk']
[2025-10-08T04:41:25.445+0000] {standard_task_runner.py:105} INFO - Job 8: Subtask cleanup_resources
[2025-10-08T04:41:25.465+0000] {task_command.py:467} INFO - Running <TaskInstance: fraud_detection_training.cleanup_resources scheduled__2025-10-07T03:00:00+00:00 [running]> on host eafa746e7f4d
[2025-10-08T04:41:25.495+0000] {taskinstance.py:3134} INFO - Exporting env vars: AIRFLOW_CTX_DAG_OWNER='datamasterylab.com' AIRFLOW_CTX_DAG_ID='fraud_detection_training' AIRFLOW_CTX_TASK_ID='cleanup_resources' AIRFLOW_CTX_EXECUTION_DATE='2025-10-07T03:00:00+00:00' AIRFLOW_CTX_TRY_NUMBER='1' AIRFLOW_CTX_DAG_RUN_ID='scheduled__2025-10-07T03:00:00+00:00'
[2025-10-08T04:41:25.495+0000] {taskinstance.py:732} INFO - ::endgroup::
[2025-10-08T04:41:25.506+0000] {subprocess.py:78} INFO - Tmp dir root location: /tmp
[2025-10-08T04:41:25.506+0000] {subprocess.py:88} INFO - Running command: ['/usr/bin/bash', '-c', 'rm -f /app/tmp/*.pkl']
[2025-10-08T04:41:25.512+0000] {subprocess.py:99} INFO - Output:
[2025-10-08T04:41:25.523+0000] {subprocess.py:110} INFO - Command exited with return code 0
[2025-10-08T04:41:25.533+0000] {taskinstance.py:341} INFO - ::group::Post task execution logs
[2025-10-08T04:41:25.533+0000] {taskinstance.py:353} INFO - Marking task as SUCCESS. dag_id=fraud_detection_training, task_id=cleanup_resources, run_id=scheduled__2025-10-07T03:00:00+00:00, execution_date=20251007T030000, start_date=20251008T044125, end_date=20251008T044125
[2025-10-08T04:41:25.546+0000] {local_task_job_runner.py:266} INFO - Task exited with return code 0
[2025-10-08T04:41:25.552+0000] {taskinstance.py:3901} INFO - 0 downstream tasks scheduled from follow-on schedule check
[2025-10-08T04:41:25.552+0000] {local_task_job_runner.py:245} INFO - ::endgroup::
